Component: ARM Compiler 5.05 update 1 (build 106) Tool: armlink [4d0efa]

==============================================================================

Section Cross References

    led.o(i.LED_Init) refers to stm32f4xx_rcc.o(i.RCC_AHB1PeriphClockCmd) for RCC_AHB1PeriphClockCmd
    led.o(i.LED_Init) refers to stm32f4xx_gpio.o(i.GPIO_Init) for GPIO_Init
    led.o(i.LED_Init) refers to stm32f4xx_gpio.o(i.GPIO_SetBits) for GPIO_SetBits
    adc.o(i.Adc_Init) refers to stm32f4xx_rcc.o(i.RCC_AHB1PeriphClockCmd) for RCC_AHB1PeriphClockCmd
    adc.o(i.Adc_Init) refers to stm32f4xx_rcc.o(i.RCC_APB2PeriphClockCmd) for RCC_APB2PeriphClockCmd
    adc.o(i.Adc_Init) refers to stm32f4xx_gpio.o(i.GPIO_Init) for GPIO_Init
    adc.o(i.Adc_Init) refers to stm32f4xx_rcc.o(i.RCC_APB2PeriphResetCmd) for RCC_APB2PeriphResetCmd
    adc.o(i.Adc_Init) refers to stm32f4xx_adc.o(i.ADC_CommonInit) for ADC_CommonInit
    adc.o(i.Adc_Init) refers to stm32f4xx_adc.o(i.ADC_Init) for ADC_Init
    adc.o(i.Adc_Init) refers to stm32f4xx_adc.o(i.ADC_Cmd) for ADC_Cmd
    adc.o(i.Get_Adc) refers to stm32f4xx_adc.o(i.ADC_RegularChannelConfig) for ADC_RegularChannelConfig
    adc.o(i.Get_Adc) refers to stm32f4xx_adc.o(i.ADC_SoftwareStartConv) for ADC_SoftwareStartConv
    adc.o(i.Get_Adc) refers to stm32f4xx_adc.o(i.ADC_GetFlagStatus) for ADC_GetFlagStatus
    adc.o(i.Get_Adc) refers to stm32f4xx_adc.o(i.ADC_GetConversionValue) for ADC_GetConversionValue
    adc.o(i.Get_Adc_Average) refers to adc.o(i.Get_Adc) for Get_Adc
    adc.o(i.Get_Adc_Average) refers to delay.o(i.delay_ms) for delay_ms
    adc.o(i.my_adc_init) refers to stm32f4xx_rcc.o(i.RCC_AHB1PeriphClockCmd) for RCC_AHB1PeriphClockCmd
    adc.o(i.my_adc_init) refers to stm32f4xx_rcc.o(i.RCC_APB2PeriphClockCmd) for RCC_APB2PeriphClockCmd
    adc.o(i.my_adc_init) refers to stm32f4xx_gpio.o(i.GPIO_Init) for GPIO_Init
    adc.o(i.my_adc_init) refers to stm32f4xx_rcc.o(i.RCC_APB2PeriphResetCmd) for RCC_APB2PeriphResetCmd
    adc.o(i.my_adc_init) refers to stm32f4xx_adc.o(i.ADC_Init) for ADC_Init
    adc.o(i.my_adc_init) refers to stm32f4xx_adc.o(i.ADC_DMARequestAfterLastTransferCmd) for ADC_DMARequestAfterLastTransferCmd
    adc.o(i.my_adc_init) refers to stm32f4xx_adc.o(i.ADC_RegularChannelConfig) for ADC_RegularChannelConfig
    adc.o(i.my_adc_init) refers to stm32f4xx_adc.o(i.ADC_Cmd) for ADC_Cmd
    adc.o(i.my_adc_init) refers to stm32f4xx_adc.o(i.ADC_SoftwareStartConv) for ADC_SoftwareStartConv
    dac.o(i.Dac1_Init) refers to stm32f4xx_rcc.o(i.RCC_AHB1PeriphClockCmd) for RCC_AHB1PeriphClockCmd
    dac.o(i.Dac1_Init) refers to stm32f4xx_rcc.o(i.RCC_APB1PeriphClockCmd) for RCC_APB1PeriphClockCmd
    dac.o(i.Dac1_Init) refers to stm32f4xx_gpio.o(i.GPIO_Init) for GPIO_Init
    dac.o(i.Dac1_Init) refers to stm32f4xx_dac.o(i.DAC_Init) for DAC_Init
    dac.o(i.Dac1_Init) refers to stm32f4xx_dac.o(i.DAC_Cmd) for DAC_Cmd
    dac.o(i.Dac1_Init) refers to stm32f4xx_dac.o(i.DAC_SetChannel1Data) for DAC_SetChannel1Data
    dac.o(i.Dac1_Set_Vol) refers to dfltui.o(.text) for __aeabi_ui2d
    dac.o(i.Dac1_Set_Vol) refers to ddiv.o(.text) for __aeabi_ddiv
    dac.o(i.Dac1_Set_Vol) refers to dmul.o(.text) for __aeabi_dmul
    dac.o(i.Dac1_Set_Vol) refers to dfixui.o(.text) for __aeabi_d2uiz
    dac.o(i.Dac1_Set_Vol) refers to stm32f4xx_dac.o(i.DAC_SetChannel1Data) for DAC_SetChannel1Data
    key.o(i.KEY_Init) refers to stm32f4xx_rcc.o(i.RCC_AHB1PeriphClockCmd) for RCC_AHB1PeriphClockCmd
    key.o(i.KEY_Init) refers to stm32f4xx_gpio.o(i.GPIO_Init) for GPIO_Init
    key.o(i.KEY_Scan) refers to stm32f4xx_gpio.o(i.GPIO_ReadInputDataBit) for GPIO_ReadInputDataBit
    key.o(i.KEY_Scan) refers to delay.o(i.delay_ms) for delay_ms
    key.o(i.KEY_Scan) refers to key.o(.data) for key_up
    lcd.o(i.LCD_Clear) refers to lcd.o(i.LCD_SetCursor) for LCD_SetCursor
    lcd.o(i.LCD_Clear) refers to lcd.o(i.LCD_WriteRAM_Prepare) for LCD_WriteRAM_Prepare
    lcd.o(i.LCD_Clear) refers to lcd.o(.bss) for lcddev
    lcd.o(i.LCD_Color_Fill) refers to lcd.o(i.LCD_SetCursor) for LCD_SetCursor
    lcd.o(i.LCD_Color_Fill) refers to lcd.o(i.LCD_WriteRAM_Prepare) for LCD_WriteRAM_Prepare
    lcd.o(i.LCD_DisplayOff) refers to lcd.o(i.LCD_WR_REG) for LCD_WR_REG
    lcd.o(i.LCD_DisplayOff) refers to lcd.o(.bss) for lcddev
    lcd.o(i.LCD_DisplayOn) refers to lcd.o(i.LCD_WR_REG) for LCD_WR_REG
    lcd.o(i.LCD_DisplayOn) refers to lcd.o(.bss) for lcddev
    lcd.o(i.LCD_Display_Dir) refers to lcd.o(i.LCD_Scan_Dir) for LCD_Scan_Dir
    lcd.o(i.LCD_Display_Dir) refers to lcd.o(.bss) for lcddev
    lcd.o(i.LCD_DrawLine) refers to lcd.o(i.LCD_DrawPoint) for LCD_DrawPoint
    lcd.o(i.LCD_DrawPoint) refers to lcd.o(i.LCD_SetCursor) for LCD_SetCursor
    lcd.o(i.LCD_DrawPoint) refers to lcd.o(i.LCD_WriteRAM_Prepare) for LCD_WriteRAM_Prepare
    lcd.o(i.LCD_DrawPoint) refers to lcd.o(.data) for POINT_COLOR
    lcd.o(i.LCD_DrawRectangle) refers to lcd.o(i.LCD_DrawLine) for LCD_DrawLine
[...]
    Removing arm_cmplx_mag_f32.o(.revsh_text), (4 bytes).
    Removing arm_cfft_radix4_f32.o(.rev16_text), (4 bytes).
    Removing arm_cfft_radix4_f32.o(.revsh_text), (4 bytes).
    Removing arm_cfft_radix4_init_f32.o(.rev16_text), (4 bytes).
    Removing arm_cfft_radix4_init_f32.o(.revsh_text), (4 bytes).
    Removing arm_max_f32.o(.rev16_text), (4 bytes).
    Removing arm_max_f32.o(.revsh_text), (4 bytes).
    Removing arm_min_f32.o(.rev16_text), (4 bytes).
    Removing arm_min_f32.o(.revsh_text), (4 bytes).
    Removing arm_common_tables.o(.rev16_text), (4 bytes).
    Removing arm_common_tables.o(.revsh_text), (4 bytes).
    Removing arm_common_tables.o(.constdata), (128 bytes).
    Removing arm_common_tables.o(.constdata), (256 bytes).
    Removing arm_common_tables.o(.constdata), (512 bytes).
    Removing arm_common_tables.o(.constdata), (1024 bytes).
    Removing arm_common_tables.o(.constdata), (2048 bytes).
    Removing arm_common_tables.o(.constdata), (4096 bytes).
    Removing arm_common_tables.o(.constdata), (8192 bytes).
    Removing arm_common_tables.o(.constdata), (16384 bytes).
    Removing arm_common_tables.o(.constdata), (24576 bytes).
    Removing arm_common_tables.o(.constdata), (12288 bytes).
    Removing arm_common_tables.o(.constdata), (128 bytes).
    Removing arm_common_tables.o(.constdata), (256 bytes).
    Removing arm_common_tables.o(.constdata), (40 bytes).
    Removing arm_common_tables.o(.constdata), (96 bytes).
    Removing arm_common_tables.o(.constdata), (112 bytes).
    Removing arm_common_tables.o(.constdata), (416 bytes).
    Removing arm_common_tables.o(.constdata), (880 bytes).
    Removing arm_common_tables.o(.constdata), (896 bytes).
    Removing arm_common_tables.o(.constdata), (3600 bytes).
    Removing arm_common_tables.o(.constdata), (7616 bytes).
    Removing arm_common_tables.o(.constdata), (8064 bytes).
    Removing arm_common_tables.o(.constdata), (128 bytes).
    Removing arm_common_tables.o(.constdata), (256 bytes).
    Removing arm_common_tables.o(.constdata), (512 bytes).
    Removing arm_common_tables.o(.constdata), (1024 bytes).
    Removing arm_common_tables.o(.constdata), (2048 bytes).
    Removing arm_common_tables.o(.constdata), (4096 bytes).
    Removing arm_common_tables.o(.constdata), (8192 bytes).
    Removing arm_common_tables.o(.constdata), (16384 bytes).
    Removing arm_bitreversal.o(.rev16_text), (4 bytes).
    Removing arm_bitreversal.o(.revsh_text), (4 bytes).
    Removing dneg.o(.text), (6 bytes).
    Removing dfixul.o(.text), (48 bytes).
    Removing cdrcmple.o(.text), (48 bytes).

835 unused section(s) (total 160692 bytes) removed from the image.

==============================================================================

Image Symbol Table

    Local Symbols

    Symbol Name                              Value     Ov Type        Size  Object(Section)

    ../clib/microlib/division.c              0x00000000   Number         0  uidiv.o ABSOLUTE
    ../clib/microlib/division.c              0x00000000   Number         0  uldiv.o ABSOLUTE
    ../clib/microlib/errno.c                 0x00000000   Number         0  errno.o ABSOLUTE
    ../clib/microlib/init/entry.s            0x00000000   Number         0  entry8a.o ABSOLUTE
    ../clib/microlib/init/entry.s            0x00000000   Number         0  entry.o ABSOLUTE
    ../clib/microlib/init/entry.s            0x00000000   Number         0  entry7b.o ABSOLUTE
    ../clib/microlib/init/entry.s            0x00000000   Number         0  entry7a.o ABSOLUTE
    ../clib/microlib/init/entry.s            0x00000000   Number         0  entry2.o ABSOLUTE
    ../clib/microlib/init/entry.s            0x00000000   Number         0  entry11b.o ABSOLUTE
    ../clib/microlib/init/entry.s            0x00000000   Number         0  entry11a.o ABSOLUTE
    ../clib/microlib/init/entry.s            0x00000000   Number         0  entry10b.o ABSOLUTE
    ../clib/microlib/init/entry.s            0x00000000   Number         0  entry10a.o ABSOLUTE
    ../clib/microlib/init/entry.s            0x00000000   Number         0  entry9b.o ABSOLUTE
    ../clib/microlib/init/entry.s            0x00000000   Number         0  entry9a.o ABSOLUTE
    ../clib/microlib/init/entry.s            0x00000000   Number         0  entry5.o ABSOLUTE
    ../clib/microlib/init/entry.s            0x00000000   Number         0  entry8b.o ABSOLUTE
    ../clib/microlib/longlong.c              0x00000000   Number         0  llushr.o ABSOLUTE
    ../clib/microlib/longlong.c              0x00000000   Number         0  llshl.o ABSOLUTE
    ../clib/microlib/longlong.c              0x00000000   Number         0  llsshr.o ABSOLUTE
    ../clib/microlib/printf/printf.c         0x00000000   Number         0  printfa.o ABSOLUTE
    ../clib/microlib/printf/printf.c         0x00000000   Number         0  printfb.o ABSOLUTE
    ../clib/microlib/printf/printf.c         0x00000000   Number         0  printf2.o ABSOLUTE
    ../clib/microlib/printf/printf.c         0x00000000   Number         0  printf0.o ABSOLUTE
    ../clib/microlib/printf/printf.c         0x00000000   Number         0  printf1.o ABSOLUTE
    ../clib/microlib/printf/printf.c         0x00000000   Number         0  printf6.o ABSOLUTE
    ../clib/microlib/printf/printf.c         0x00000000   Number         0  printf8.o ABSOLUTE
    ../clib/microlib/printf/printf.c         0x00000000   Number         0  printf5.o ABSOLUTE
    ../clib/microlib/printf/printf.c         0x00000000   Number         0  printf3.o ABSOLUTE
    ../clib/microlib/printf/printf.c         0x00000000   Number         0  printf4.o ABSOLUTE
    ../clib/microlib/printf/printf.c         0x00000000   Number         0  printf7.o ABSOLUTE
    ../clib/microlib/printf/stubs.s          0x00000000   Number         0  stubs.o ABSOLUTE
    ../clib/microlib/stubs.s                 0x00000000   Number         0  useno.o ABSOLUTE
    ../clib/microlib/stubs.s                 0x00000000   Number         0  iusefp.o ABSOLUTE
    ../fplib/microlib/d2f.c                  0x00000000   Number         0  d2f.o ABSOLUTE
    ../fplib/microlib/f2d.c                  0x00000000   Number         0  f2d.o ABSOLUTE
    ../fplib/microlib/fpadd.c                0x00000000   Number         0  dadd.o ABSOLUTE
    ../fplib/microlib/fpdiv.c                0x00000000   Number         0  ddiv.o ABSOLUTE
    ../fplib/microlib/fpepilogue.c           0x00000000   Number         0  depilogue.o ABSOLUTE
    ../fplib/microlib/fpepilogue.c           0x00000000   Number         0  fepilogue.o ABSOLUTE
    ../fplib/microlib/fpfix.c                0x00000000   Number         0  dfixul.o ABSOLUTE
    ../fplib/microlib/fpfix.c                0x00000000   Number         0  dfixi.o ABSOLUTE
    ../fplib/microlib/fpfix.c                0x00000000   Number         0  dfixui.o ABSOLUTE
    ../fplib/microlib/fpflt.c                0x00000000   Number         0  dfltui.o ABSOLUTE
    ../fplib/microlib/fpflt.c                0x00000000   Number         0  dflti.o ABSOLUTE
    ../fplib/microlib/fpmul.c                0x00000000   Number         0  dmul.o ABSOLUTE
    ../fplib/microlib/fpneg.c                0x00000000   Number         0  dneg.o ABSOLUTE
    ../mathlib/cos_i.c                       0x00000000   Number         0  cos_i.o ABSOLUTE
    ../mathlib/dunder.c                      0x00000000   Number         0  dunder.o ABSOLUTE
    ../mathlib/fabs.c                        0x00000000   Number         0  fabs.o ABSOLUTE
    ../mathlib/fpclassify.c                  0x00000000   Number         0  fpclassify.o ABSOLUTE
    ../mathlib/poly.c                        0x00000000   Number         0  poly.o ABSOLUTE
    ../mathlib/rred.c                        0x00000000   Number         0  rred.o ABSOLUTE
    ../mathlib/sin.c                         0x00000000   Number         0  sin.o ABSOLUTE
    ../mathlib/sin.c                         0x00000000   Number         0  sin_x.o ABSOLUTE
    ../mathlib/sin_i.c                       0x00000000   Number         0  sin_i.o ABSOLUTE
    ../mathlib/sin_i.c                       0x00000000   Number         0  sin_i_x.o ABSOLUTE
    ..\CommonTables\arm_common_tables.c      0x00000000   Number         0  arm_common_tables.o ABSOLUTE
    ..\ComplexMathFunctions\arm_cmplx_mag_f32.c 0x00000000   Number         0  arm_cmplx_mag_f32.o ABSOLUTE
    ..\Hardware\adc.c                        0x00000000   Number         0  adc.o ABSOLUTE
    ..\Hardware\adc_reg.c                    0x00000000   Number         0  adc_reg.o ABSOLUTE
    ..\Hardware\dac.c                        0x00000000   Number         0  dac.o ABSOLUTE
    ..\Hardware\dma.c                        0x00000000   Number         0  dma.o ABSOLUTE
    ..\Hardware\key.c                        0x00000000   Number         0  key.o ABSOLUTE
    ..\Hardware\lcd.c                        0x00000000   Number         0  lcd.o ABSOLUTE
    ..\Hardware\led.c                        0x00000000   Number         0  led.o ABSOLUTE
    ..\Librarise\src\misc.c                  0x00000000   Number         0  misc.o ABSOLUTE
    ..\Librarise\src\stm32f4xx_adc.c         0x00000000   Number         0  stm32f4xx_adc.o ABSOLUTE
    ..\Librarise\src\stm32f4xx_can.c         0x00000000   Number         0  stm32f4xx_can.o ABSOLUTE
    ..\Librarise\src\stm32f4xx_crc.c         0x00000000   Number         0  stm32f4xx_crc.o ABSOLUTE
    ..\Librarise\src\stm32f4xx_cryp.c        0x00000000   Number         0  stm32f4xx_cryp.o ABSOLUTE
    ..\Librarise\src\stm32f4xx_cryp_aes.c    0x00000000   Number         0  stm32f4xx_cryp_aes.o ABSOLUTE
    ..\Librarise\src\stm32f4xx_cryp_des.c    0x00000000   Number         0  stm32f4xx_cryp_des.o ABSOLUTE
    ..\Librarise\src\stm32f4xx_cryp_tdes.c   0x00000000   Number         0  stm32f4xx_cryp_tdes.o ABSOLUTE
    ..\Librarise\src\stm32f4xx_dac.c         0x00000000   Number         0  stm32f4xx_dac.o ABSOLUTE
    ..\Librarise\src\stm32f4xx_dbgmcu.c      0x00000000   Number         0  stm32f4xx_dbgmcu.o ABSOLUTE
    ..\Librarise\src\stm32f4xx_dcmi.c        0x00000000   Number         0  stm32f4xx_dcmi.o ABSOLUTE
    ..\Librarise\src\stm32f4xx_dma.c         0x00000000   Number         0  stm32f4xx_dma.o ABSOLUTE
    ..\Librarise\src\stm32f4xx_dma2d.c       0x00000000   Number         0  stm32f4xx_dma2d.o ABSOLUTE
    ..\Librarise\src\stm32f4xx_exti.c        0x00000000   Number         0  stm32f4xx_exti.o ABSOLUTE
    ..\Librarise\src\stm32f4xx_flash.c       0x00000000   Number         0  stm32f4xx_flash.o ABSOLUTE
    ..\Librarise\src\stm32f4xx_flash_ramfunc.c 0x00000000   Number         0  stm32f4xx_flash_ramfunc.o ABSOLUTE
    ..\Librarise\src\stm32f4xx_fsmc.c        0x00000000   Number         0  stm32f4xx_fsmc.o ABSOLUTE
    ..\Librarise\src\stm32f4xx_gpio.c        0x00000000   Number         0  stm32f4xx_gpio.o ABSOLUTE
    ..\Librarise\src\stm32f4xx_hash.c        0x00000000   Number         0  stm32f4xx_hash.o ABSOLUTE
    ..\Librarise\src\stm32f4xx_hash_md5.c    0x00000000   Number         0  stm32f4xx_hash_md5.o ABSOLUTE
    ..\Librarise\src\stm32f4xx_hash_sha1.c   0x00000000   Number         0  stm32f4xx_hash_sha1.o ABSOLUTE
    ..\Librarise\src\stm32f4xx_i2c.c         0x00000000   Number         0  stm32f4xx_i2c.o ABSOLUTE
    ..\Librarise\src\stm32f4xx_iwdg.c        0x00000000   Number         0  stm32f4xx_iwdg.o ABSOLUTE
    ..\Librarise\src\stm32f4xx_ltdc.c        0x00000000   Number         0  stm32f4xx_ltdc.o ABSOLUTE
    ..\Librarise\src\stm32f4xx_pwr.c         0x00000000   Number         0  stm32f4xx_pwr.o ABSOLUTE
    ..\Librarise\src\stm32f4xx_rcc.c         0x00000000   Number         0  stm32f4xx_rcc.o ABSOLUTE
    ..\Librarise\src\stm32f4xx_rng.c         0x00000000   Number         0  stm32f4xx_rng.o ABSOLUTE
    ..\Librarise\src\stm32f4xx_rtc.c         0x00000000   Number         0  stm32f4xx_rtc.o ABSOLUTE
    ..\Librarise\src\stm32f4xx_sai.c         0x00000000   Number         0  stm32f4xx_sai.o ABSOLUTE
    ..\Librarise\src\stm32f4xx_sdio.c        0x00000000   Number         0  stm32f4xx_sdio.o ABSOLUTE
    ..\Librarise\src\stm32f4xx_spi.c         0x00000000   Number         0  stm32f4xx_spi.o ABSOLUTE
    ..\Librarise\src\stm32f4xx_syscfg.c      0x00000000   Number         0  stm32f4xx_syscfg.o ABSOLUTE
    ..\Librarise\src\stm32f4xx_tim.c         0x00000000   Number         0  stm32f4xx_tim.o ABSOLUTE
    ..\Librarise\src\stm32f4xx_usart.c       0x00000000   Number         0  stm32f4xx_usart.o ABSOLUTE
    ..\Librarise\src\stm32f4xx_wwdg.c        0x00000000   Number         0  stm32f4xx_wwdg.o ABSOLUTE
    ..\Start\startup_stm32f40_41xxx.s        0x00000000   Number         0  startup_stm32f40_41xxx.o ABSOLUTE
    ..\StatisticsFunctions\arm_max_f32.c     0x00000000   Number         0  arm_max_f32.o ABSOLUTE
    ..\StatisticsFunctions\arm_min_f32.c     0x00000000   Number         0  arm_min_f32.o ABSOLUTE
    ..\System\delay.c                        0x00000000   Number         0  delay.o ABSOLUTE
    ..\System\sys.c                          0x00000000   Number         0  sys.o ABSOLUTE
    ..\System\usart.c                        0x00000000   Number         0  usart.o ABSOLUTE
    ..\TransformFunctions\arm_bitreversal.c  0x00000000   Number         0  arm_bitreversal.o ABSOLUTE
    ..\TransformFunctions\arm_cfft_radix4_f32.c 0x00000000   Number         0  arm_cfft_radix4_f32.o ABSOLUTE
    ..\TransformFunctions\arm_cfft_radix4_init_f32.c 0x00000000   Number         0  arm_cfft_radix4_init_f32.o ABSOLUTE
    ..\User\main.c                           0x00000000   Number         0  main.o ABSOLUTE
    ..\User\stm32f4xx_it.c                   0x00000000   Number         0  stm32f4xx_it.o ABSOLUTE
    ..\User\system_stm32f4xx.c               0x00000000   Number         0  system_stm32f4xx.o ABSOLUTE
    ..\\CommonTables\\arm_common_tables.c    0x00000000   Number         0  arm_common_tables.o ABSOLUTE
    ..\\ComplexMathFunctions\\arm_cmplx_mag_f32.c 0x00000000   Number         0  arm_cmplx_mag_f32.o ABSOLUTE
    ..\\Hardware\\adc.c                      0x00000000   Number         0  adc.o ABSOLUTE
    ..\\Hardware\\dac.c                      0x00000000   Number         0  dac.o ABSOLUTE
    ..\\Hardware\\dma.c                      0x00000000   Number         0  dma.o ABSOLUTE
    ..\\Hardware\\key.c                      0x00000000   Number         0  key.o ABSOLUTE
    ..\\Hardware\\lcd.c                      0x00000000   Number         0  lcd.o ABSOLUTE
    ..\\Hardware\\led.c                      0x00000000   Number         0  led.o ABSOLUTE
    ..\\Librarise\\src\\misc.c               0x00000000   Number         0  misc.o ABSOLUTE
    ..\\Librarise\\src\\stm32f4xx_adc.c      0x00000000   Number         0  stm32f4xx_adc.o ABSOLUTE
    ..\\Librarise\\src\\stm32f4xx_can.c      0x00000000   Number         0  stm32f4xx_can.o ABSOLUTE
    ..\\Librarise\\src\\stm32f4xx_crc.c      0x00000000   Number         0  stm32f4xx_crc.o ABSOLUTE
    ..\\Librarise\\src\\stm32f4xx_cryp.c     0x00000000   Number         0  stm32f4xx_cryp.o ABSOLUTE
    ..\\Librarise\\src\\stm32f4xx_cryp_aes.c 0x00000000   Number         0  stm32f4xx_cryp_aes.o ABSOLUTE
    ..\\Librarise\\src\\stm32f4xx_cryp_des.c 0x00000000   Number         0  stm32f4xx_cryp_des.o ABSOLUTE
    ..\\Librarise\\src\\stm32f4xx_cryp_tdes.c 0x00000000   Number         0  stm32f4xx_cryp_tdes.o ABSOLUTE
    ..\\Librarise\\src\\stm32f4xx_dac.c      0x00000000   Number         0  stm32f4xx_dac.o ABSOLUTE
    ..\\Librarise\\src\\stm32f4xx_dbgmcu.c   0x00000000   Number         0  stm32f4xx_dbgmcu.o ABSOLUTE
    ..\\Librarise\\src\\stm32f4xx_dcmi.c     0x00000000   Number         0  stm32f4xx_dcmi.o ABSOLUTE
    ..\\Librarise\\src\\stm32f4xx_dma.c      0x00000000   Number         0  stm32f4xx_dma.o ABSOLUTE
    ..\\Librarise\\src\\stm32f4xx_dma2d.c    0x00000000   Number         0  stm32f4xx_dma2d.o ABSOLUTE
    ..\\Librarise\\src\\stm32f4xx_exti.c     0x00000000   Number         0  stm32f4xx_exti.o ABSOLUTE
    ..\\Librarise\\src\\stm32f4xx_flash.c    0x00000000   Number         0  stm32f4xx_flash.o ABSOLUTE
    ..\\Librarise\\src\\stm32f4xx_flash_ramfunc.c 0x00000000   Number         0  stm32f4xx_flash_ramfunc.o ABSOLUTE
    ..\\Librarise\\src\\stm32f4xx_fsmc.c     0x00000000   Number         0  stm32f4xx_fsmc.o ABSOLUTE
    ..\\Librarise\\src\\stm32f4xx_gpio.c     0x00000000   Number         0  stm32f4xx_gpio.o ABSOLUTE
    ..\\Librarise\\src\\stm32f4xx_hash.c     0x00000000   Number         0  stm32f4xx_hash.o ABSOLUTE
    ..\\Librarise\\src\\stm32f4xx_hash_md5.c 0x00000000   Number         0  stm32f4xx_hash_md5.o ABSOLUTE
    ..\\Librarise\\src\\stm32f4xx_hash_sha1.c 0x00000000   Number         0  stm32f4xx_hash_sha1.o ABSOLUTE
    ..\\Librarise\\src\\stm32f4xx_i2c.c      0x00000000   Number         0  stm32f4xx_i2c.o ABSOLUTE
    ..\\Librarise\\src\\stm32f4xx_iwdg.c     0x00000000   Number         0  stm32f4xx_iwdg.o ABSOLUTE
    ..\\Librarise\\src\\stm32f4xx_ltdc.c     0x00000000   Number         0  stm32f4xx_ltdc.o ABSOLUTE
    ..\\Librarise\\src\\stm32f4xx_pwr.c      0x00000000   Number         0  stm32f4xx_pwr.o ABSOLUTE
    ..\\Librarise\\src\\stm32f4xx_rcc.c      0x00000000   Number         0  stm32f4xx_rcc.o ABSOLUTE
    ..\\Librarise\\src\\stm32f4xx_rng.c      0x00000000   Number         0  stm32f4xx_rng.o ABSOLUTE
    ..\\Librarise\\src\\stm32f4xx_rtc.c      0x00000000   Number         0  stm32f4xx_rtc.o ABSOLUTE
    ..\\Librarise\\src\\stm32f4xx_sai.c      0x00000000   Number         0  stm32f4xx_sai.o ABSOLUTE
    ..\\Librarise\\src\\stm32f4xx_sdio.c     0x00000000   Number         0  stm32f4xx_sdio.o ABSOLUTE
    ..\\Librarise\\src\\stm32f4xx_spi.c      0x00000000   Number         0  stm32f4xx_spi.o ABSOLUTE
    ..\\Librarise\\src\\stm32f4xx_syscfg.c   0x00000000   Number         0  stm32f4xx_syscfg.o ABSOLUTE
    ..\\Librarise\\src\\stm32f4xx_tim.c      0x00000000   Number         0  stm32f4xx_tim.o ABSOLUTE
    ..\\Librarise\\src\\stm32f4xx_usart.c    0x00000000   Number         0  stm32f4xx_usart.o ABSOLUTE
    ..\\Librarise\\src\\stm32f4xx_wwdg.c     0x00000000   Number         0  stm32f4xx_wwdg.o ABSOLUTE
    ..\\StatisticsFunctions\\arm_max_f32.c   0x00000000   Number         0  arm_max_f32.o ABSOLUTE
    ..\\StatisticsFunctions\\arm_min_f32.c   0x00000000   Number         0  arm_min_f32.o ABSOLUTE
    ..\\System\\delay.c                      0x00000000   Number         0  delay.o ABSOLUTE
    ..\\System\\sys.c                        0x00000000   Number         0  sys.o ABSOLUTE
    ..\\System\\usart.c                      0x00000000   Number         0  usart.o ABSOLUTE
    ..\\TransformFunctions\\arm_bitreversal.c 0x00000000   Number         0  arm_bitreversal.o ABSOLUTE
    ..\\TransformFunctions\\arm_cfft_radix4_f32.c 0x00000000   Number         0  arm_cfft_radix4_f32.o ABSOLUTE
    ..\\TransformFunctions\\arm_cfft_radix4_init_f32.c 0x00000000   Number         0  arm_cfft_radix4_init_f32.o ABSOLUTE
    ..\\User\\main.c                         0x00000000   Number         0  main.o ABSOLUTE
    ..\\User\\stm32f4xx_it.c                 0x00000000   Number         0  stm32f4xx_it.o ABSOLUTE
    ..\\User\\system_stm32f4xx.c             0x00000000   Number         0  system_stm32f4xx.o ABSOLUTE
    cdcmple.s                                0x00000000   Number         0  cdcmple.o ABSOLUTE
    cdrcmple.s                               0x00000000   Number         0  cdrcmple.o ABSOLUTE
    dc.s                                     0x00000000   Number         0  dc.o ABSOLUTE
    handlers.s                               0x00000000   Number         0  handlers.o ABSOLUTE
    init.s                                   0x00000000   Number         0  init.o ABSOLUTE
    RESET                                    0x08000000   Section      392  startup_stm32f40_41xxx.o(RESET)
    .ARM.Collect$$$$00000000                 0x08000188   Section        0  entry.o(.ARM.Collect$$$$00000000)
    .ARM.Collect$$$$00000001                 0x08000188   Section        4  entry2.o(.ARM.Collect$$$$00000001)
    .ARM.Collect$$$$00000004                 0x0800018c   Section        4  entry5.o(.ARM.Collect$$$$00000004)
    .ARM.Collect$$$$00000008                 0x08000190   Section        0  entry7b.o(.ARM.Collect$$$$00000008)
    .ARM.Collect$$$$0000000A                 0x08000190   Section        0  entry8b.o(.ARM.Collect$$$$0000000A)
    .ARM.Collect$$$$0000000B                 0x08000190   Section        8  entry9a.o(.ARM.Collect$$$$0000000B)
    .ARM.Collect$$$$0000000D                 0x08000198   Section        0  entry10a.o(.ARM.Collect$$$$0000000D)
    .ARM.Collect$$$$0000000F                 0x08000198   Section        0  entry11a.o(.ARM.Collect$$$$0000000F)
    .ARM.Collect$$$$00002712                 0x08000198   Section        4  entry2.o(.ARM.Collect$$$$00002712)
    __lit__00000000                          0x08000198   Data           4  entry2.o(.ARM.Collect$$$$00002712)
    .text                                    0x0800019c   Section       36  startup_stm32f40_41xxx.o(.text)
    $v0                                      0x0800019c   Number         0  startup_stm32f40_41xxx.o(.text)
    .text                                    0x080001c0   Section        0  arm_cmplx_mag_f32.o(.text)
    .text                                    0x080002b0   Section        0  arm_cfft_radix4_f32.o(.text)
    .text                                    0x08000950   Section        0  arm_cfft_radix4_init_f32.o(.text)
    .text                                    0x08000a10   Section        0  arm_max_f32.o(.text)
    .text                                    0x08000ae4   Section        0  arm_min_f32.o(.text)
    .text                                    0x08000bb8   Section        0  arm_bitreversal.o(.text)
    .text                                    0x08000d9e   Section        0  dmul.o(.text)
    .text                                    0x08000e82   Section        0  ddiv.o(.text)
    .text                                    0x08000f60   Section        0  dflti.o(.text)
    .text                                    0x08000f82   Section        0  dfltui.o(.text)
    .text                                    0x08000f9c   Section        0  dfixi.o(.text)
    .text                                    0x08000fda   Section        0  dfixui.o(.text)
    .text                                    0x0800100c   Section        0  f2d.o(.text)
    .text                                    0x08001034   Section       48  cdcmple.o(.text)
    .text                                    0x08001064   Section        0  d2f.o(.text)
    .text                                    0x0800109c   Section        0  uldiv.o(.text)
    .text                                    0x080010fe   Section        0  llushr.o(.text)
    .text                                    0x0800111e   Section        0  iusefp.o(.text)
    .text                                    0x0800111e   Section        0  fepilogue.o(.text)
    .text                                    0x0800118c   Section        0  depilogue.o(.text)
    .text                                    0x08001246   Section        0  dadd.o(.text)
    .text                                    0x08001394   Section       36  init.o(.text)
    .text                                    0x080013b8   Section        0  llshl.o(.text)
    .text                                    0x080013d6   Section        0  llsshr.o(.text)
    i.ADC_Cmd                                0x080013fa   Section        0  stm32f4xx_adc.o(i.ADC_Cmd)
    i.ADC_CommonInit                         0x08001410   Section        0  stm32f4xx_adc.o(i.ADC_CommonInit)
    i.ADC_GetConversionValue                 0x08001440   Section        0  stm32f4xx_adc.o(i.ADC_GetConversionValue)
    i.ADC_GetFlagStatus                      0x08001448   Section        0  stm32f4xx_adc.o(i.ADC_GetFlagStatus)
    i.ADC_Init                               0x0800145c   Section        0  stm32f4xx_adc.o(i.ADC_Init)
    i.ADC_RegularChannelConfig               0x080014b0   Section        0  stm32f4xx_adc.o(i.ADC_RegularChannelConfig)
    i.ADC_SoftwareStartConv                  0x08001568   Section        0  stm32f4xx_adc.o(i.ADC_SoftwareStartConv)
    i.Adc_Init                               0x08001574   Section        0  adc.o(i.Adc_Init)
    i.BusFault_Handler                       0x080015f8   Section        0  stm32f4xx_it.o(i.BusFault_Handler)
    i.DAC_Cmd                                0x080015fc   Section        0  stm32f4xx_dac.o(i.DAC_Cmd)
    i.DAC_GetDataOutputValue                 0x08001624   Section        0  stm32f4xx_dac.o(i.DAC_GetDataOutputValue)
    i.DAC_Init                               0x08001648   Section        0  stm32f4xx_dac.o(i.DAC_Init)
    i.DAC_SetChannel1Data                    0x0800167c   Section        0  stm32f4xx_dac.o(i.DAC_SetChannel1Data)
    i.Dac1_Init                              0x0800169c   Section        0  dac.o(i.Dac1_Init)
    i.DebugMon_Handler                       0x080016f4   Section        0  stm32f4xx_it.o(i.DebugMon_Handler)
    i.FSMC_NORSRAMCmd                        0x080016f8   Section        0  stm32f4xx_fsmc.o(i.FSMC_NORSRAMCmd)
    i.FSMC_NORSRAMInit                       0x0800172c   Section        0  stm32f4xx_fsmc.o(i.FSMC_NORSRAMInit)
    i.GPIO_Init                              0x08001812   Section        0  stm32f4xx_gpio.o(i.GPIO_Init)
    i.GPIO_PinAFConfig                       0x080018a2   Section        0  stm32f4xx_gpio.o(i.GPIO_PinAFConfig)
    i.GPIO_ReadInputDataBit                  0x080018e8   Section        0  stm32f4xx_gpio.o(i.GPIO_ReadInputDataBit)
    i.GPIO_SetBits                           0x080018fa   Section        0  stm32f4xx_gpio.o(i.GPIO_SetBits)
    i.Get_Adc                                0x08001900   Section        0  adc.o(i.Get_Adc)
    i.HardFault_Handler                      0x08001930   Section        0  stm32f4xx_it.o(i.HardFault_Handler)
    i.KEY_Init                               0x08001934   Section        0  key.o(i.KEY_Init)
    i.KEY_Scan                               0x08001978   Section        0  key.o(i.KEY_Scan)
    i.LCD_Clear                              0x08001a40   Section        0  lcd.o(i.LCD_Clear)
    i.LCD_Display_Dir                        0x08001a74   Section        0  lcd.o(i.LCD_Display_Dir)
    i.LCD_DrawLine                           0x08001ba4   Section        0  lcd.o(i.LCD_DrawLine)
    i.LCD_DrawPoint                          0x08001c54   Section        0  lcd.o(i.LCD_DrawPoint)
    i.LCD_Draw_Circle                        0x08001c78   Section        0  lcd.o(i.LCD_Draw_Circle)
    i.LCD_Fast_DrawPoint                     0x08001d10   Section        0  lcd.o(i.LCD_Fast_DrawPoint)
    i.LCD_Init                               0x08001e04   Section        0  lcd.o(i.LCD_Init)
    i.LCD_Pow                                0x0800465c   Section        0  lcd.o(i.LCD_Pow)
    i.LCD_RD_DATA                            0x08004674   Section        0  lcd.o(i.LCD_RD_DATA)
    i.LCD_SSD_BackLightSet                   0x08004688   Section        0  lcd.o(i.LCD_SSD_BackLightSet)
    i.LCD_Scan_Dir                           0x080046e8   Section        0  lcd.o(i.LCD_Scan_Dir)
    i.LCD_SetCursor                          0x0800491c   Section        0  lcd.o(i.LCD_SetCursor)
    i.LCD_ShowChar                           0x08004a3c   Section        0  lcd.o(i.LCD_ShowChar)
    i.LCD_ShowString                         0x08004b64   Section        0  lcd.o(i.LCD_ShowString)
    i.LCD_ShowxNum                           0x08004bca   Section        0  lcd.o(i.LCD_ShowxNum)
    i.LCD_WR_DATA                            0x08004c88   Section        0  lcd.o(i.LCD_WR_DATA)
    i.LCD_WR_REG                             0x08004ca0   Section        0  lcd.o(i.LCD_WR_REG)
    i.LCD_WriteRAM_Prepare                   0x08004cb8   Section        0  lcd.o(i.LCD_WriteRAM_Prepare)
    i.LCD_WriteReg                           0x08004ccc   Section        0  lcd.o(i.LCD_WriteReg)
    i.LED_Init                               0x08004ce0   Section        0  led.o(i.LED_Init)
    i.MemManage_Handler                      0x08004d20   Section        0  stm32f4xx_it.o(i.MemManage_Handler)
    i.NMI_Handler                            0x08004d24   Section        0  stm32f4xx_it.o(i.NMI_Handler)
    i.NVIC_Init                              0x08004d28   Section        0  misc.o(i.NVIC_Init)
    i.NVIC_PriorityGroupConfig               0x08004da0   Section        0  misc.o(i.NVIC_PriorityGroupConfig)
    i.PendSV_Handler                         0x08004db4   Section        0  stm32f4xx_it.o(i.PendSV_Handler)
    i.RCC_AHB1PeriphClockCmd                 0x08004db8   Section        0  stm32f4xx_rcc.o(i.RCC_AHB1PeriphClockCmd)
    i.RCC_AHB3PeriphClockCmd                 0x08004dd8   Section        0  stm32f4xx_rcc.o(i.RCC_AHB3PeriphClockCmd)
    i.RCC_APB1PeriphClockCmd                 0x08004df8   Section        0  stm32f4xx_rcc.o(i.RCC_APB1PeriphClockCmd)
    i.RCC_APB2PeriphClockCmd                 0x08004e18   Section        0  stm32f4xx_rcc.o(i.RCC_APB2PeriphClockCmd)
    i.RCC_APB2PeriphResetCmd                 0x08004e38   Section        0  stm32f4xx_rcc.o(i.RCC_APB2PeriphResetCmd)
    i.RCC_GetClocksFreq                      0x08004e58   Section        0  stm32f4xx_rcc.o(i.RCC_GetClocksFreq)
    i.SVC_Handler                            0x08004f40   Section        0  stm32f4xx_it.o(i.SVC_Handler)
    i.SetSysClock                            0x08004f44   Section        0  system_stm32f4xx.o(i.SetSysClock)
    SetSysClock                              0x08004f45   Thumb Code   220  system_stm32f4xx.o(i.SetSysClock)
    i.SysTick_CLKSourceConfig                0x08005030   Section        0  misc.o(i.SysTick_CLKSourceConfig)
    i.SysTick_Handler                        0x08005058   Section        0  stm32f4xx_it.o(i.SysTick_Handler)
    i.SystemInit                             0x0800505c   Section        0  system_stm32f4xx.o(i.SystemInit)
    i.TIM3_IRQHandler                        0x080050c4   Section        0  main.o(i.TIM3_IRQHandler)
    i.TIM3_Init                              0x08005118   Section        0  main.o(i.TIM3_Init)
    i.TIM_ClearITPendingBit                  0x08005178   Section        0  stm32f4xx_tim.o(i.TIM_ClearITPendingBit)
    i.TIM_Cmd                                0x0800517e   Section        0  stm32f4xx_tim.o(i.TIM_Cmd)
    i.TIM_GetITStatus                        0x08005196   Section        0  stm32f4xx_tim.o(i.TIM_GetITStatus)
    i.TIM_ITConfig                           0x080051b8   Section        0  stm32f4xx_tim.o(i.TIM_ITConfig)
    i.TIM_TimeBaseInit                       0x080051cc   Section        0  stm32f4xx_tim.o(i.TIM_TimeBaseInit)
    i.USART1_IRQHandler                      0x08005250   Section        0  usart.o(i.USART1_IRQHandler)
    i.USART_Cmd                              0x080052d8   Section        0  stm32f4xx_usart.o(i.USART_Cmd)
    i.USART_GetITStatus                      0x080052f0   Section        0  stm32f4xx_usart.o(i.USART_GetITStatus)
    i.USART_ITConfig                         0x08005344   Section        0  stm32f4xx_usart.o(i.USART_ITConfig)
    i.USART_Init                             0x08005390   Section        0  stm32f4xx_usart.o(i.USART_Init)
    i.USART_ReceiveData                      0x08005464   Section        0  stm32f4xx_usart.o(i.USART_ReceiveData)
    i.UsageFault_Handler                     0x0800546e   Section        0  stm32f4xx_it.o(i.UsageFault_Handler)
    i.__0printf$5                            0x08005474   Section        0  printf5.o(i.__0printf$5)
    i.__0sprintf$5                           0x08005494   Section        0  printf5.o(i.__0sprintf$5)
    i.__ARM_fpclassify                       0x080054bc   Section        0  fpclassify.o(i.__ARM_fpclassify)
    i.__hardfp_sin                           0x080054f0   Section        0  sin.o(i.__hardfp_sin)
    i.__ieee754_rem_pio2                     0x080055b8   Section        0  rred.o(i.__ieee754_rem_pio2)
    i.__kernel_cos                           0x080059f0   Section        0  cos_i.o(i.__kernel_cos)
    i.__kernel_poly                          0x08005b60   Section        0  poly.o(i.__kernel_poly)
    i.__kernel_sin                           0x08005c58   Section        0  sin_i.o(i.__kernel_sin)
    i.__mathlib_dbl_infnan                   0x08005d88   Section        0  dunder.o(i.__mathlib_dbl_infnan)
    i.__mathlib_dbl_invalid                  0x08005da0   Section        0  dunder.o(i.__mathlib_dbl_invalid)
    i.__mathlib_dbl_underflow                0x08005dc0   Section        0  dunder.o(i.__mathlib_dbl_underflow)
    i.__scatterload_copy                     0x08005de0   Section       14  handlers.o(i.__scatterload_copy)
    i.__scatterload_null                     0x08005dee   Section        2  handlers.o(i.__scatterload_null)
    i.__scatterload_zeroinit                 0x08005df0   Section       14  handlers.o(i.__scatterload_zeroinit)
    i.__set_errno                            0x08005e00   Section        0  errno.o(i.__set_errno)
    i._printf_core                           0x08005e0c   Section        0  printf5.o(i._printf_core)
    _printf_core                             0x08005e0d   Thumb Code   658  printf5.o(i._printf_core)
    i._sputc                                 0x080060cc   Section        0  printf5.o(i._sputc)
    _sputc                                   0x080060cd   Thumb Code    10  printf5.o(i._sputc)
    i.delay_init                             0x080060d8   Section        0  delay.o(i.delay_init)
    i.delay_ms                               0x08006114   Section        0  delay.o(i.delay_ms)
    i.delay_us                               0x0800614c   Section        0  delay.o(i.delay_us)
    i.delay_xms                              0x08006198   Section        0  delay.o(i.delay_xms)
    i.draw_ad_fft_point                      0x080061e4   Section        0  main.o(i.draw_ad_fft_point)
    i.draw_ad_point                          0x080064ac   Section        0  main.o(i.draw_ad_point)
    i.draw_da_point                          0x08006528   Section        0  main.o(i.draw_da_point)
    i.draw_home_page                         0x080065a8   Section        0  main.o(i.draw_home_page)
    i.fabs                                   0x08006740   Section        0  fabs.o(i.fabs)
    i.fputc                                  0x08006758   Section        0  usart.o(i.fputc)
    i.lcdshow_adda_value                     0x08006774   Section        0  main.o(i.lcdshow_adda_value)
    i.main                                   0x08006910   Section        0  main.o(i.main)
    i.sys_init                               0x08006e32   Section        0  main.o(i.sys_init)
    i.uart_init                              0x08006e6c   Section        0  usart.o(i.uart_init)
    i.y_adc_append                           0x08006f18   Section        0  main.o(i.y_adc_append)
    .constdata                               0x08006fc0   Section     6080  lcd.o(.constdata)
    .constdata                               0x08008780   Section     2048  arm_common_tables.o(.constdata)
    .constdata                               0x08008f80   Section    32768  arm_common_tables.o(.constdata)
    .constdata                               0x08010f80   Section       48  cos_i.o(.constdata)
    C                                        0x08010f80   Data          48  cos_i.o(.constdata)
    .constdata                               0x08010fb0   Section      200  rred.o(.constdata)
    pio2s                                    0x08010fb0   Data          48  rred.o(.constdata)
    twooverpi                                0x08010fe0   Data         152  rred.o(.constdata)
    .constdata                               0x08011078   Section       40  sin_i.o(.constdata)
    S                                        0x08011078   Data          40  sin_i.o(.constdata)
    .data                                    0x20000000   Section        1  key.o(.data)
    key_up                                   0x20000000   Data           1  key.o(.data)
    .data                                    0x20000002   Section        4  lcd.o(.data)
    .data                                    0x20000006   Section       16  stm32f4xx_rcc.o(.data)
    APBAHBPrescTable                         0x20000006   Data          16  stm32f4xx_rcc.o(.data)
    .data                                    0x20000016   Section        4  delay.o(.data)
    fac_us                                   0x20000016   Data           1  delay.o(.data)
    fac_ms                                   0x20000018   Data           2  delay.o(.data)
    .data                                    0x2000001c   Section        6  usart.o(.data)
    .data                                    0x20000024   Section       40  main.o(.data)
    .data                                    0x2000004c   Section        4  errno.o(.data)
    _errno                                   0x2000004c   Data           4  errno.o(.data)
    .bss                                     0x20000050   Section       14  lcd.o(.bss)
    .bss                                     0x2000005e   Section      200  usart.o(.bss)
    .bss                                     0x20000128   Section     8220  main.o(.bss)
    STACK                                    0x20002148   Section     1024  startup_stm32f40_41xxx.o(STACK)

    Global Symbols

    Symbol Name                              Value     Ov Type        Size  Object(Section)

    BuildAttributes$$THM_ISAv4$E$P$D$K$B$S$7EM$VFPi3$EXTD16$VFPS$VFMA$PE$A:L22UL41UL21$X:L11$S22US41US21$IEEE1$IW$USESV6$~STKCKD$USESV7$~SHL$OTIME$ROPI$IEEEX$EBA8$MICROLIB$REQ8$PRES8$EABIv2 0x00000000   Number         0  anon$$obj.o ABSOLUTE
    __ARM_use_no_argv                        0x00000000   Number         0  main.o ABSOLUTE
    __use_no_errno                           0x00000000   Number         0  useno.o ABSOLUTE
    __use_no_exception_handling              0x00000000   Number         0  useno.o ABSOLUTE
    __use_no_fp                              0x00000000   Number         0  useno.o ABSOLUTE
    __use_no_heap                            0x00000000   Number         0  useno.o ABSOLUTE
    __use_no_heap_region                     0x00000000   Number         0  useno.o ABSOLUTE
    __use_no_semihosting                     0x00000000   Number         0  useno.o ABSOLUTE
    __use_no_semihosting_swi                 0x00000000   Number         0  useno.o ABSOLUTE
    __use_no_signal_handling                 0x00000000   Number         0  useno.o ABSOLUTE
    _printf_a                                0x00000000   Number         0  stubs.o ABSOLUTE
    _printf_c                                0x00000000   Number         0  stubs.o ABSOLUTE
    _printf_charcount                        0x00000000   Number         0  stubs.o ABSOLUTE
    _printf_d                                0x00000000   Number         0  stubs.o ABSOLUTE
    _printf_e                                0x00000000   Number         0  stubs.o ABSOLUTE
    _printf_f                                0x00000000   Number         0  stubs.o ABSOLUTE
    _printf_flags                            0x00000000   Number         0  stubs.o ABSOLUTE
    _printf_fp_dec                           0x00000000   Number         0  stubs.o ABSOLUTE
    _printf_fp_hex                           0x00000000   Number         0  stubs.o ABSOLUTE
    _printf_g                                0x00000000   Number         0  stubs.o ABSOLUTE
    _printf_i                                0x00000000   Number         0  stubs.o ABSOLUTE
    _printf_int_dec                          0x00000000   Number         0  stubs.o ABSOLUTE
    _printf_l                                0x00000000   Number         0  stubs.o ABSOLUTE
    _printf_lc                               0x00000000   Number         0  stubs.o ABSOLUTE
    _printf_ll                               0x00000000   Number         0  stubs.o ABSOLUTE
    _printf_lld                              0x00000000   Number         0  stubs.o ABSOLUTE
    _printf_lli                              0x00000000   Number         0  stubs.o ABSOLUTE
    _printf_llo                              0x00000000   Number         0  stubs.o ABSOLUTE
    _printf_llu                              0x00000000   Number         0  stubs.o ABSOLUTE
    _printf_llx                              0x00000000   Number         0  stubs.o ABSOLUTE
    _printf_longlong_dec                     0x00000000   Number         0  stubs.o ABSOLUTE
    _printf_longlong_hex                     0x00000000   Number         0  stubs.o ABSOLUTE
    _printf_longlong_oct                     0x00000000   Number         0  stubs.o ABSOLUTE
    _printf_ls                               0x00000000   Number         0  stubs.o ABSOLUTE
    _printf_mbtowc                           0x00000000   Number         0  stubs.o ABSOLUTE
    _printf_n                                0x00000000   Number         0  stubs.o ABSOLUTE
    _printf_o                                0x00000000   Number         0  stubs.o ABSOLUTE
    _printf_p                                0x00000000   Number         0  stubs.o ABSOLUTE
    _printf_percent                          0x00000000   Number         0  stubs.o ABSOLUTE
    _printf_pre_padding                      0x00000000   Number         0  stubs.o ABSOLUTE
    _printf_return_value                     0x00000000   Number         0  stubs.o ABSOLUTE
    _printf_s                                0x00000000   Number         0  stubs.o ABSOLUTE
    _printf_sizespec                         0x00000000   Number         0  stubs.o ABSOLUTE
    _printf_str                              0x00000000   Number         0  stubs.o ABSOLUTE
    _printf_truncate_signed                  0x00000000   Number         0  stubs.o ABSOLUTE
    _printf_truncate_unsigned                0x00000000   Number         0  stubs.o ABSOLUTE
    _printf_u                                0x00000000   Number         0  stubs.o ABSOLUTE
    _printf_wc                               0x00000000   Number         0  stubs.o ABSOLUTE
    _printf_wctomb                           0x00000000   Number         0  stubs.o ABSOLUTE
    _printf_widthprec                        0x00000000   Number         0  stubs.o ABSOLUTE
    _printf_x                                0x00000000   Number         0  stubs.o ABSOLUTE
    __cpp_initialize__aeabi_                  - Undefined Weak Reference
    __cxa_finalize                            - Undefined Weak Reference
    __decompress                              - Undefined Weak Reference
    _clock_init                               - Undefined Weak Reference
    _microlib_exit                            - Undefined Weak Reference
    __Vectors_Size                           0x00000188   Number         0  startup_stm32f40_41xxx.o ABSOLUTE
    __Vectors                                0x08000000   Data           4  startup_stm32f40_41xxx.o(RESET)
    __Vectors_End                            0x08000188   Data           0  startup_stm32f40_41xxx.o(RESET)
    __main                                   0x08000189   Thumb Code     0  entry.o(.ARM.Collect$$$$00000000)
    _main_stk                                0x08000189   Thumb Code     0  entry2.o(.ARM.Collect$$$$00000001)
    _main_scatterload                        0x0800018d   Thumb Code     0  entry5.o(.ARM.Collect$$$$00000004)
    __main_after_scatterload                 0x08000191   Thumb Code     0  entry5.o(.ARM.Collect$$$$00000004)
    _main_clock                              0x08000191   Thumb Code     0  entry7b.o(.ARM.Collect$$$$00000008)
    _main_cpp_init                           0x08000191   Thumb Code     0  entry8b.o(.ARM.Collect$$$$0000000A)
    _main_init                               0x08000191   Thumb Code     0  entry9a.o(.ARM.Collect$$$$0000000B)
    __rt_final_cpp                           0x08000199   Thumb Code     0  entry10a.o(.ARM.Collect$$$$0000000D)
    __rt_final_exit                          0x08000199   Thumb Code     0  entry11a.o(.ARM.Collect$$$$0000000F)
    Reset_Handler                            0x0800019d   Thumb Code     8  startup_stm32f40_41xxx.o(.text)
    ADC_IRQHandler                           0x080001b7   Thumb Code     0  startup_stm32f40_41xxx.o(.text)
    CAN1_RX0_IRQHandler                      0x080001b7   Thumb Code     0  startup_stm32f40_41xxx.o(.text)
    CAN1_RX1_IRQHandler                      0x080001b7   Thumb Code     0  startup_stm32f40_41xxx.o(.text)
    CAN1_SCE_IRQHandler                      0x080001b7   Thumb Code     0  startup_stm32f40_41xxx.o(.text)
    CAN1_TX_IRQHandler                       0x080001b7   Thumb Code     0  startup_stm32f40_41xxx.o(.text)
    CAN2_RX0_IRQHandler                      0x080001b7   Thumb Code     0  startup_stm32f40_41xxx.o(.text)
    CAN2_RX1_IRQHandler                      0x080001b7   Thumb Code     0  startup_stm32f40_41xxx.o(.text)
    CAN2_SCE_IRQHandler                      0x080001b7   Thumb Code     0  startup_stm32f40_41xxx.o(.text)
    CAN2_TX_IRQHandler                       0x080001b7   Thumb Code     0  startup_stm32f40_41xxx.o(.text)
    CRYP_IRQHandler                          0x080001b7   Thumb Code     0  startup_stm32f40_41xxx.o(.text)
    DCMI_IRQHandler                          0x080001b7   Thumb Code     0  startup_stm32f40_41xxx.o(.text)
    DMA1_Stream0_IRQHandler                  0x080001b7   Thumb Code     0  startup_stm32f40_41xxx.o(.text)
    DMA1_Stream1_IRQHandler                  0x080001b7   Thumb Code     0  startup_stm32f40_41xxx.o(.text)
    DMA1_Stream2_IRQHandler                  0x080001b7   Thumb Code     0  startup_stm32f40_41xxx.o(.text)
    DMA1_Stream3_IRQHandler                  0x080001b7   Thumb Code     0  startup_stm32f40_41xxx.o(.text)
    DMA1_Stream4_IRQHandler                  0x080001b7   Thumb Code     0  startup_stm32f40_41xxx.o(.text)
    DMA1_Stream5_IRQHandler                  0x080001b7   Thumb Code     0  startup_stm32f40_41xxx.o(.text)
    DMA1_Stream6_IRQHandler                  0x080001b7   Thumb Code     0  startup_stm32f40_41xxx.o(.text)
    DMA1_Stream7_IRQHandler                  0x080001b7   Thumb Code     0  startup_stm32f40_41xxx.o(.text)
    DMA2_Stream0_IRQHandler                  0x080001b7   Thumb Code     0  startup_stm32f40_41xxx.o(.text)
    DMA2_Stream1_IRQHandler                  0x080001b7   Thumb Code     0  startup_stm32f40_41xxx.o(.text)
    DMA2_Stream2_IRQHandler                  0x080001b7   Thumb Code     0  startup_stm32f40_41xxx.o(.text)
    DMA2_Stream3_IRQHandler                  0x080001b7   Thumb Code     0  startup_stm32f40_41xxx.o(.text)
    DMA2_Stream4_IRQHandler                  0x080001b7   Thumb Code     0  startup_stm32f40_41xxx.o(.text)
    DMA2_Stream5_IRQHandler                  0x080001b7   Thumb Code     0  startup_stm32f40_41xxx.o(.text)
    DMA2_Stream6_IRQHandler                  0x080001b7   Thumb Code     0  startup_stm32f40_41xxx.o(.text)
    DMA2_Stream7_IRQHandler                  0x080001b7   Thumb Code     0  startup_stm32f40_41xxx.o(.text)
    ETH_IRQHandler                           0x080001b7   Thumb Code     0  startup_stm32f40_41xxx.o(.text)
    ETH_WKUP_IRQHandler                      0x080001b7   Thumb Code     0  startup_stm32f40_41xxx.o(.text)
    EXTI0_IRQHandler                         0x080001b7   Thumb Code     0  startup_stm32f40_41xxx.o(.text)
    EXTI15_10_IRQHandler                     0x080001b7   Thumb Code     0  startup_stm32f40_41xxx.o(.text)
    EXTI1_IRQHandler                         0x080001b7   Thumb Code     0  startup_stm32f40_41xxx.o(.text)
    EXTI2_IRQHandler                         0x080001b7   Thumb Code     0  startup_stm32f40_41xxx.o(.text)
    EXTI3_IRQHandler                         0x080001b7   Thumb Code     0  startup_stm32f40_41xxx.o(.text)
    EXTI4_IRQHandler                         0x080001b7   Thumb Code     0  startup_stm32f40_41xxx.o(.text)
    EXTI9_5_IRQHandler                       0x080001b7   Thumb Code     0  startup_stm32f40_41xxx.o(.text)
    FLASH_IRQHandler                         0x080001b7   Thumb Code     0  startup_stm32f40_41xxx.o(.text)
    FPU_IRQHandler                           0x080001b7   Thumb Code     0  startup_stm32f40_41xxx.o(.text)
    FSMC_IRQHandler                          0x080001b7   Thumb Code     0  startup_stm32f40_41xxx.o(.text)
    HASH_RNG_IRQHandler                      0x080001b7   Thumb Code     0  startup_stm32f40_41xxx.o(.text)
    I2C1_ER_IRQHandler                       0x080001b7   Thumb Code     0  startup_stm32f40_41xxx.o(.text)
    I2C1_EV_IRQHandler                       0x080001b7   Thumb Code     0  startup_stm32f40_41xxx.o(.text)
    I2C2_ER_IRQHandler                       0x080001b7   Thumb Code     0  startup_stm32f40_41xxx.o(.text)
    I2C2_EV_IRQHandler                       0x080001b7   Thumb Code     0  startup_stm32f40_41xxx.o(.text)
    I2C3_ER_IRQHandler                       0x080001b7   Thumb Code     0  startup_stm32f40_41xxx.o(.text)
    I2C3_EV_IRQHandler                       0x080001b7   Thumb Code     0  startup_stm32f40_41xxx.o(.text)
    OTG_FS_IRQHandler                        0x080001b7   Thumb Code     0  startup_stm32f40_41xxx.o(.text)
    OTG_FS_WKUP_IRQHandler                   0x080001b7   Thumb Code     0  startup_stm32f40_41xxx.o(.text)
    OTG_HS_EP1_IN_IRQHandler                 0x080001b7   Thumb Code     0  startup_stm32f40_41xxx.o(.text)
    OTG_HS_EP1_OUT_IRQHandler                0x080001b7   Thumb Code     0  startup_stm32f40_41xxx.o(.text)
    OTG_HS_IRQHandler                        0x080001b7   Thumb Code     0  startup_stm32f40_41xxx.o(.text)
    OTG_HS_WKUP_IRQHandler                   0x080001b7   Thumb Code     0  startup_stm32f40_41xxx.o(.text)
    PVD_IRQHandler                           0x080001b7   Thumb Code     0  startup_stm32f40_41xxx.o(.text)
    RCC_IRQHandler                           0x080001b7   Thumb Code     0  startup_stm32f40_41xxx.o(.text)
    RTC_Alarm_IRQHandler                     0x080001b7   Thumb Code     0  startup_stm32f40_41xxx.o(.text)
    RTC_WKUP_IRQHandler                      0x080001b7   Thumb Code     0  startup_stm32f40_41xxx.o(.text)
    SDIO_IRQHandler                          0x080001b7   Thumb Code     0  startup_stm32f40_41xxx.o(.text)
    SPI1_IRQHandler                          0x080001b7   Thumb Code     0  startup_stm32f40_41xxx.o(.text)
    SPI2_IRQHandler                          0x080001b7   Thumb Code     0  startup_stm32f40_41xxx.o(.text)
    SPI3_IRQHandler                          0x080001b7   Thumb Code     0  startup_stm32f40_41xxx.o(.text)
    TAMP_STAMP_IRQHandler                    0x080001b7   Thumb Code     0  startup_stm32f40_41xxx.o(.text)
    TIM1_BRK_TIM9_IRQHandler                 0x080001b7   Thumb Code     0  startup_stm32f40_41xxx.o(.text)
    TIM1_CC_IRQHandler                       0x080001b7   Thumb Code     0  startup_stm32f40_41xxx.o(.text)
    TIM1_TRG_COM_TIM11_IRQHandler            0x080001b7   Thumb Code     0  startup_stm32f40_41xxx.o(.text)
    TIM1_UP_TIM10_IRQHandler                 0x080001b7   Thumb Code     0  startup_stm32f40_41xxx.o(.text)
    TIM2_IRQHandler                          0x080001b7   Thumb Code     0  startup_stm32f40_41xxx.o(.text)
    TIM4_IRQHandler                          0x080001b7   Thumb Code     0  startup_stm32f40_41xxx.o(.text)
    TIM5_IRQHandler                          0x080001b7   Thumb Code     0  startup_stm32f40_41xxx.o(.text)
    TIM6_DAC_IRQHandler                      0x080001b7   Thumb Code     0  startup_stm32f40_41xxx.o(.text)
    TIM7_IRQHandler                          0x080001b7   Thumb Code     0  startup_stm32f40_41xxx.o(.text)
    TIM8_BRK_TIM12_IRQHandler                0x080001b7   Thumb Code     0  startup_stm32f40_41xxx.o(.text)
    TIM8_CC_IRQHandler                       0x080001b7   Thumb Code     0  startup_stm32f40_41xxx.o(.text)
    TIM8_TRG_COM_TIM14_IRQHandler            0x080001b7   Thumb Code     0  startup_stm32f40_41xxx.o(.text)
    TIM8_UP_TIM13_IRQHandler                 0x080001b7   Thumb Code     0  startup_stm32f40_41xxx.o(.text)
    UART4_IRQHandler                         0x080001b7   Thumb Code     0  startup_stm32f40_41xxx.o(.text)
    UART5_IRQHandler                         0x080001b7   Thumb Code     0  startup_stm32f40_41xxx.o(.text)
    USART2_IRQHandler                        0x080001b7   Thumb Code     0  startup_stm32f40_41xxx.o(.text)
    USART3_IRQHandler                        0x080001b7   Thumb Code     0  startup_stm32f40_41xxx.o(.text)
    USART6_IRQHandler                        0x080001b7   Thumb Code     0  startup_stm32f40_41xxx.o(.text)
    WWDG_IRQHandler                          0x080001b7   Thumb Code     0  startup_stm32f40_41xxx.o(.text)
    arm_cmplx_mag_f32                        0x080001c1   Thumb Code   236  arm_cmplx_mag_f32.o(.text)
    arm_radix4_butterfly_f32                 0x080002b1   Thumb Code   800  arm_cfft_radix4_f32.o(.text)
    arm_radix4_butterfly_inverse_f32         0x080005d1   Thumb Code   836  arm_cfft_radix4_f32.o(.text)
    arm_cfft_radix4_f32                      0x08000915   Thumb Code    60  arm_cfft_radix4_f32.o(.text)
    arm_cfft_radix4_init_f32                 0x08000951   Thumb Code   146  arm_cfft_radix4_init_f32.o(.text)
    arm_max_f32                              0x08000a11   Thumb Code   212  arm_max_f32.o(.text)
    arm_min_f32                              0x08000ae5   Thumb Code   212  arm_min_f32.o(.text)
    arm_bitreversal_f32                      0x08000bb9   Thumb Code   178  arm_bitreversal.o(.text)
    arm_bitreversal_q31                      0x08000c6b   Thumb Code   180  arm_bitreversal.o(.text)
    arm_bitreversal_q15                      0x08000d1f   Thumb Code   128  arm_bitreversal.o(.text)
    __aeabi_dmul                             0x08000d9f   Thumb Code   228  dmul.o(.text)
    __aeabi_ddiv                             0x08000e83   Thumb Code   222  ddiv.o(.text)
    __aeabi_i2d                              0x08000f61   Thumb Code    34  dflti.o(.text)
    __aeabi_ui2d                             0x08000f83   Thumb Code    26  dfltui.o(.text)
    __aeabi_d2iz                             0x08000f9d   Thumb Code    62  dfixi.o(.text)
    __aeabi_d2uiz                            0x08000fdb   Thumb Code    50  dfixui.o(.text)
    __aeabi_f2d                              0x0800100d   Thumb Code    38  f2d.o(.text)
    __aeabi_cdcmpeq                          0x08001035   Thumb Code     0  cdcmple.o(.text)
    __aeabi_cdcmple                          0x08001035   Thumb Code    48  cdcmple.o(.text)
    __aeabi_d2f                              0x08001065   Thumb Code    56  d2f.o(.text)
    __aeabi_uldivmod                         0x0800109d   Thumb Code    98  uldiv.o(.text)
    __aeabi_llsr                             0x080010ff   Thumb Code    32  llushr.o(.text)
    _ll_ushift_r                             0x080010ff   Thumb Code     0  llushr.o(.text)
    __I$use$fp                               0x0800111f   Thumb Code     0  iusefp.o(.text)
    _float_round                             0x0800111f   Thumb Code    18  fepilogue.o(.text)
    _float_epilogue                          0x08001131   Thumb Code    92  fepilogue.o(.text)
    _double_round                            0x0800118d   Thumb Code    30  depilogue.o(.text)
    _double_epilogue                         0x080011ab   Thumb Code   156  depilogue.o(.text)
    __aeabi_dadd                             0x08001247   Thumb Code   322  dadd.o(.text)
    __aeabi_dsub                             0x08001389   Thumb Code     6  dadd.o(.text)
    __aeabi_drsub                            0x0800138f   Thumb Code     6  dadd.o(.text)
    __scatterload                            0x08001395   Thumb Code    28  init.o(.text)
    __scatterload_rt2                        0x08001395   Thumb Code     0  init.o(.text)
    __aeabi_llsl                             0x080013b9   Thumb Code    30  llshl.o(.text)
    _ll_shift_l                              0x080013b9   Thumb Code     0  llshl.o(.text)
    __aeabi_lasr                             0x080013d7   Thumb Code    36  llsshr.o(.text)
    _ll_sshift_r                             0x080013d7   Thumb Code     0  llsshr.o(.text)
    ADC_Cmd                                  0x080013fb   Thumb Code    22  stm32f4xx_adc.o(i.ADC_Cmd)
    ADC_CommonInit                           0x08001411   Thumb Code    34  stm32f4xx_adc.o(i.ADC_CommonInit)
    ADC_GetConversionValue                   0x08001441   Thumb Code     8  stm32f4xx_adc.o(i.ADC_GetConversionValue)
    ADC_GetFlagStatus                        0x08001449   Thumb Code    18  stm32f4xx_adc.o(i.ADC_GetFlagStatus)
    ADC_Init                                 0x0800145d   Thumb Code    74  stm32f4xx_adc.o(i.ADC_Init)
    ADC_RegularChannelConfig                 0x080014b1   Thumb Code   184  stm32f4xx_adc.o(i.ADC_RegularChannelConfig)
    ADC_SoftwareStartConv                    0x08001569   Thumb Code    10  stm32f4xx_adc.o(i.ADC_SoftwareStartConv)
    Adc_Init                                 0x08001575   Thumb Code   124  adc.o(i.Adc_Init)
    BusFault_Handler                         0x080015f9   Thumb Code     4  stm32f4xx_it.o(i.BusFault_Handler)
    DAC_Cmd                                  0x080015fd   Thumb Code    34  stm32f4xx_dac.o(i.DAC_Cmd)
    DAC_GetDataOutputValue                   0x08001625   Thumb Code    32  stm32f4xx_dac.o(i.DAC_GetDataOutputValue)
    DAC_Init                                 0x08001649   Thumb Code    46  stm32f4xx_dac.o(i.DAC_Init)
    DAC_SetChannel1Data                      0x0800167d   Thumb Code    26  stm32f4xx_dac.o(i.DAC_SetChannel1Data)
    Dac1_Init                                0x0800169d   Thumb Code    84  dac.o(i.Dac1_Init)
    DebugMon_Handler                         0x080016f5   Thumb Code     2  stm32f4xx_it.o(i.DebugMon_Handler)
    FSMC_NORSRAMCmd                          0x080016f9   Thumb Code    46  stm32f4xx_fsmc.o(i.FSMC_NORSRAMCmd)
    FSMC_NORSRAMInit                         0x0800172d   Thumb Code   230  stm32f4xx_fsmc.o(i.FSMC_NORSRAMInit)
    GPIO_Init                                0x08001813   Thumb Code   144  stm32f4xx_gpio.o(i.GPIO_Init)
    GPIO_PinAFConfig                         0x080018a3   Thumb Code    70  stm32f4xx_gpio.o(i.GPIO_PinAFConfig)
    GPIO_ReadInputDataBit                    0x080018e9   Thumb Code    18  stm32f4xx_gpio.o(i.GPIO_ReadInputDataBit)
    GPIO_SetBits                             0x080018fb   Thumb Code     4  stm32f4xx_gpio.o(i.GPIO_SetBits)
    Get_Adc                                  0x08001901   Thumb Code    44  adc.o(i.Get_Adc)
    HardFault_Handler                        0x08001931   Thumb Code     4  stm32f4xx_it.o(i.HardFault_Handler)
    KEY_Init                                 0x08001935   Thumb Code    60  key.o(i.KEY_Init)
    KEY_Scan                                 0x08001979   Thumb Code   188  key.o(i.KEY_Scan)
    LCD_Clear                                0x08001a41   Thumb Code    42  lcd.o(i.LCD_Clear)
    LCD_Display_Dir                          0x08001a75   Thumb Code   298  lcd.o(i.LCD_Display_Dir)
    LCD_DrawLine                             0x08001ba5   Thumb Code   176  lcd.o(i.LCD_DrawLine)
    LCD_DrawPoint                            0x08001c55   Thumb Code    28  lcd.o(i.LCD_DrawPoint)
    LCD_Draw_Circle                          0x08001c79   Thumb Code   152  lcd.o(i.LCD_Draw_Circle)
    LCD_Fast_DrawPoint                       0x08001d11   Thumb Code   236  lcd.o(i.LCD_Fast_DrawPoint)
    LCD_Init                                 0x08001e05   Thumb Code 10320  lcd.o(i.LCD_Init)
    LCD_Pow                                  0x0800465d   Thumb Code    22  lcd.o(i.LCD_Pow)
    LCD_RD_DATA                              0x08004675   Thumb Code    14  lcd.o(i.LCD_RD_DATA)
    LCD_SSD_BackLightSet                     0x08004689   Thumb Code    88  lcd.o(i.LCD_SSD_BackLightSet)
    LCD_Scan_Dir                             0x080046e9   Thumb Code   560  lcd.o(i.LCD_Scan_Dir)
    LCD_SetCursor                            0x0800491d   Thumb Code   282  lcd.o(i.LCD_SetCursor)
    LCD_ShowChar                             0x08004a3d   Thumb Code   272  lcd.o(i.LCD_ShowChar)
    LCD_ShowString                           0x08004b65   Thumb Code   102  lcd.o(i.LCD_ShowString)
    LCD_ShowxNum                             0x08004bcb   Thumb Code   190  lcd.o(i.LCD_ShowxNum)
    LCD_WR_DATA                              0x08004c89   Thumb Code    18  lcd.o(i.LCD_WR_DATA)
    LCD_WR_REG                               0x08004ca1   Thumb Code    18  lcd.o(i.LCD_WR_REG)
    LCD_WriteRAM_Prepare                     0x08004cb9   Thumb Code    10  lcd.o(i.LCD_WriteRAM_Prepare)
    LCD_WriteReg                             0x08004ccd   Thumb Code    14  lcd.o(i.LCD_WriteReg)
    LED_Init                                 0x08004ce1   Thumb Code    60  led.o(i.LED_Init)
    MemManage_Handler                        0x08004d21   Thumb Code     4  stm32f4xx_it.o(i.MemManage_Handler)
    NMI_Handler                              0x08004d25   Thumb Code     2  stm32f4xx_it.o(i.NMI_Handler)
    NVIC_Init                                0x08004d29   Thumb Code   106  misc.o(i.NVIC_Init)
    NVIC_PriorityGroupConfig                 0x08004da1   Thumb Code    10  misc.o(i.NVIC_PriorityGroupConfig)
    PendSV_Handler                           0x08004db5   Thumb Code     2  stm32f4xx_it.o(i.PendSV_Handler)
    RCC_AHB1PeriphClockCmd                   0x08004db9   Thumb Code    26  stm32f4xx_rcc.o(i.RCC_AHB1PeriphClockCmd)
    RCC_AHB3PeriphClockCmd                   0x08004dd9   Thumb Code    26  stm32f4xx_rcc.o(i.RCC_AHB3PeriphClockCmd)
    RCC_APB1PeriphClockCmd                   0x08004df9   Thumb Code    26  stm32f4xx_rcc.o(i.RCC_APB1PeriphClockCmd)
    RCC_APB2PeriphClockCmd                   0x08004e19   Thumb Code    26  stm32f4xx_rcc.o(i.RCC_APB2PeriphClockCmd)
    RCC_APB2PeriphResetCmd                   0x08004e39   Thumb Code    26  stm32f4xx_rcc.o(i.RCC_APB2PeriphResetCmd)
    RCC_GetClocksFreq                        0x08004e59   Thumb Code   214  stm32f4xx_rcc.o(i.RCC_GetClocksFreq)
    SVC_Handler                              0x08004f41   Thumb Code     2  stm32f4xx_it.o(i.SVC_Handler)
    SysTick_CLKSourceConfig                  0x08005031   Thumb Code    40  misc.o(i.SysTick_CLKSourceConfig)
    SysTick_Handler                          0x08005059   Thumb Code     2  stm32f4xx_it.o(i.SysTick_Handler)
    SystemInit                               0x0800505d   Thumb Code    88  system_stm32f4xx.o(i.SystemInit)
    TIM3_IRQHandler                          0x080050c5   Thumb Code    72  main.o(i.TIM3_IRQHandler)
    TIM3_Init                                0x08005119   Thumb Code    90  main.o(i.TIM3_Init)
    TIM_ClearITPendingBit                    0x08005179   Thumb Code     6  stm32f4xx_tim.o(i.TIM_ClearITPendingBit)
    TIM_Cmd                                  0x0800517f   Thumb Code    24  stm32f4xx_tim.o(i.TIM_Cmd)
    TIM_GetITStatus                          0x08005197   Thumb Code    34  stm32f4xx_tim.o(i.TIM_GetITStatus)
    TIM_ITConfig                             0x080051b9   Thumb Code    18  stm32f4xx_tim.o(i.TIM_ITConfig)
    TIM_TimeBaseInit                         0x080051cd   Thumb Code   104  stm32f4xx_tim.o(i.TIM_TimeBaseInit)
    USART1_IRQHandler                        0x08005251   Thumb Code   122  usart.o(i.USART1_IRQHandler)
    USART_Cmd                                0x080052d9   Thumb Code    24  stm32f4xx_usart.o(i.USART_Cmd)
    USART_GetITStatus                        0x080052f1   Thumb Code    84  stm32f4xx_usart.o(i.USART_GetITStatus)
    USART_ITConfig                           0x08005345   Thumb Code    74  stm32f4xx_usart.o(i.USART_ITConfig)
    USART_Init                               0x08005391   Thumb Code   204  stm32f4xx_usart.o(i.USART_Init)
    USART_ReceiveData                        0x08005465   Thumb Code    10  stm32f4xx_usart.o(i.USART_ReceiveData)
    UsageFault_Handler                       0x0800546f   Thumb Code     4  stm32f4xx_it.o(i.UsageFault_Handler)
    __0printf$5                              0x08005475   Thumb Code    22  printf5.o(i.__0printf$5)
    __1printf$5                              0x08005475   Thumb Code     0  printf5.o(i.__0printf$5)
    __2printf                                0x08005475   Thumb Code     0  printf5.o(i.__0printf$5)
    __0sprintf$5                             0x08005495   Thumb Code    34  printf5.o(i.__0sprintf$5)
    __1sprintf$5                             0x08005495   Thumb Code     0  printf5.o(i.__0sprintf$5)
    __2sprintf                               0x08005495   Thumb Code     0  printf5.o(i.__0sprintf$5)
    __ARM_fpclassify                         0x080054bd   Thumb Code    48  fpclassify.o(i.__ARM_fpclassify)
    __hardfp_sin                             0x080054f1   Thumb Code   180  sin.o(i.__hardfp_sin)
    __ieee754_rem_pio2                       0x080055b9   Thumb Code   938  rred.o(i.__ieee754_rem_pio2)
    __kernel_cos                             0x080059f1   Thumb Code   322  cos_i.o(i.__kernel_cos)
    __kernel_poly                            0x08005b61   Thumb Code   248  poly.o(i.__kernel_poly)
    __kernel_sin                             0x08005c59   Thumb Code   280  sin_i.o(i.__kernel_sin)
    __mathlib_dbl_infnan                     0x08005d89   Thumb Code    20  dunder.o(i.__mathlib_dbl_infnan)
    __mathlib_dbl_invalid                    0x08005da1   Thumb Code    24  dunder.o(i.__mathlib_dbl_invalid)
    __mathlib_dbl_underflow                  0x08005dc1   Thumb Code    24  dunder.o(i.__mathlib_dbl_underflow)
    __scatterload_copy                       0x08005de1   Thumb Code    14  handlers.o(i.__scatterload_copy)
    __scatterload_null                       0x08005def   Thumb Code     2  handlers.o(i.__scatterload_null)
    __scatterload_zeroinit                   0x08005df1   Thumb Code    14  handlers.o(i.__scatterload_zeroinit)
    __set_errno                              0x08005e01   Thumb Code     6  errno.o(i.__set_errno)
    delay_init                               0x080060d9   Thumb Code    52  delay.o(i.delay_init)
    delay_ms                                 0x08006115   Thumb Code    56  delay.o(i.delay_ms)
    delay_us                                 0x0800614d   Thumb Code    72  delay.o(i.delay_us)
    delay_xms                                0x08006199   Thumb Code    72  delay.o(i.delay_xms)
    draw_ad_fft_point                        0x080061e5   Thumb Code   576  main.o(i.draw_ad_fft_point)
    draw_ad_point                            0x080064ad   Thumb Code    98  main.o(i.draw_ad_point)
    draw_da_point                            0x08006529   Thumb Code   104  main.o(i.draw_da_point)
    draw_home_page                           0x080065a9   Thumb Code   276  main.o(i.draw_home_page)
    fabs                                     0x08006741   Thumb Code    24  fabs.o(i.fabs)
    fputc                                    0x08006759   Thumb Code    22  usart.o(i.fputc)
    lcdshow_adda_value                       0x08006775   Thumb Code   386  main.o(i.lcdshow_adda_value)
    main                                     0x08006911   Thumb Code  1314  main.o(i.main)
    sys_init                                 0x08006e33   Thumb Code    56  main.o(i.sys_init)
    uart_init                                0x08006e6d   Thumb Code   164  usart.o(i.uart_init)
    y_adc_append                             0x08006f19   Thumb Code   132  main.o(i.y_adc_append)
    asc2_1206                                0x08006fc0   Data        1140  lcd.o(.constdata)
    asc2_1608                                0x08007434   Data        1520  lcd.o(.constdata)
    asc2_2412                                0x08007a24   Data        3420  lcd.o(.constdata)
    armBitRevTable                           0x08008780   Data        2048  arm_common_tables.o(.constdata)
    twiddleCoef_4096                         0x08008f80   Data       32768  arm_common_tables.o(.constdata)
    Region$$Table$$Base                      0x080110a0   Number         0  anon$$obj.o(Region$$Table)
    Region$$Table$$Limit                     0x080110c0   Number         0  anon$$obj.o(Region$$Table)
    POINT_COLOR                              0x20000002   Data           2  lcd.o(.data)
    BACK_COLOR                               0x20000004   Data           2  lcd.o(.data)
    __stdout                                 0x2000001c   Data           4  usart.o(.data)
    USART_RX_STA                             0x20000020   Data           2  usart.o(.data)
    t                                        0x20000024   Data           1  main.o(.data)
    len                                      0x20000025   Data           1  main.o(.data)
    times                                    0x20000026   Data           2  main.o(.data)
    dacval                                   0x20000028   Data           2  main.o(.data)
    adcx                                     0x2000002a   Data           2  main.o(.data)
    temp                                     0x2000002c   Data           4  main.o(.data)
    timer_flag                               0x20000030   Data           4  main.o(.data)
    key                                      0x20000034   Data           1  main.o(.data)
    data_num                                 0x20000035   Data           1  main.o(.data)
    idx                                      0x20000038   Data           4  main.o(.data)
    x_adc_compensate                         0x2000003c   Data           2  main.o(.data)
    y_adc_compensate                         0x2000003e   Data           2  main.o(.data)
    x_dac_compensate                         0x20000040   Data           2  main.o(.data)
    y_dac_compensate                         0x20000042   Data           2  main.o(.data)
    test                                     0x20000044   Data           4  main.o(.data)
    a                                        0x20000048   Data           4  main.o(.data)
    lcddev                                   0x20000050   Data          14  lcd.o(.bss)
    USART_RX_BUF                             0x2000005e   Data         200  usart.o(.bss)
    fft_inputbuf                             0x20000128   Data        2048  main.o(.bss)
    fft_outputbuf                            0x20000928   Data        1024  main.o(.bss)
    scfft                                    0x20000d28   Data          20  main.o(.bss)
    fft_outputbuf_int                        0x20000d3c   Data        1024  main.o(.bss)
    fft_outputbuf_point                      0x2000113c   Data        1024  main.o(.bss)
    t_adc                                    0x2000153c   Data         440  main.o(.bss)
    y_adc                                    0x200016f4   Data         440  main.o(.bss)
    t_dac                                    0x200018ac   Data         440  main.o(.bss)
    y_dac                                    0x20001a64   Data         440  main.o(.bss)
    y_adc_tmp                                0x20001c1c   Data         440  main.o(.bss)
    y_dac_tmp                                0x20001dd4   Data         440  main.o(.bss)
    y_adc_dma_tmp                            0x20001f8c   Data         440  main.o(.bss)
    __initial_sp                             0x20002548   Data           0  startup_stm32f40_41xxx.o(STACK)



==============================================================================

Memory Map of the image

  Image Entry point : 0x08000189

  Load Region LR_IROM1 (Base: 0x08000000, Size: 0x00011110, Max: 0x00100000, ABSOLUTE)

    Execution Region ER_IROM1 (Base: 0x08000000, Size: 0x000110c0, Max: 0x00100000, ABSOLUTE)

    Base Addr    Size         Type   Attr      Idx    E Section Name        Object

    0x08000000   0x00000188   Data   RO         5229    RESET               startup_stm32f40_41xxx.o
    0x08000188   0x00000000   Code   RO         5777  * .ARM.Collect$$$$00000000  mc_w.l(entry.o)
    0x08000188   0x00000004   Code   RO         6087    .ARM.Collect$$$$00000001  mc_w.l(entry2.o)
    0x0800018c   0x00000004   Code   RO         6090    .ARM.Collect$$$$00000004  mc_w.l(entry5.o)
    0x08000190   0x00000000   Code   RO         6092    .ARM.Collect$$$$00000008  mc_w.l(entry7b.o)
    0x08000190   0x00000000   Code   RO         6094    .ARM.Collect$$$$0000000A  mc_w.l(entry8b.o)
    0x08000190   0x00000008   Code   RO         6095    .ARM.Collect$$$$0000000B  mc_w.l(entry9a.o)
    0x08000198   0x00000000   Code   RO         6097    .ARM.Collect$$$$0000000D  mc_w.l(entry10a.o)
    0x08000198   0x00000000   Code   RO         6099    .ARM.Collect$$$$0000000F  mc_w.l(entry11a.o)
    0x08000198   0x00000004   Code   RO         6088    .ARM.Collect$$$$00002712  mc_w.l(entry2.o)
    0x0800019c   0x00000024   Code   RO         5230    .text               startup_stm32f40_41xxx.o
    0x080001c0   0x000000f0   Code   RO         5567    .text               arm_cortexM4lf_math.lib(arm_cmplx_mag_f32.o)
    0x080002b0   0x000006a0   Code   RO         5612    .text               arm_cortexM4lf_math.lib(arm_cfft_radix4_f32.o)
    0x08000950   0x000000c0   Code   RO         5632    .text               arm_cortexM4lf_math.lib(arm_cfft_radix4_init_f32.o)
    0x08000a10   0x000000d4   Code   RO         5656    .text               arm_cortexM4lf_math.lib(arm_max_f32.o)
    0x08000ae4   0x000000d4   Code   RO         5676    .text               arm_cortexM4lf_math.lib(arm_min_f32.o)
    0x08000bb8   0x000001e6   Code   RO         5747    .text               arm_cortexM4lf_math.lib(arm_bitreversal.o)
    0x08000d9e   0x000000e4   Code   RO         6041    .text               mf_w.l(dmul.o)
    0x08000e82   0x000000de   Code   RO         6043    .text               mf_w.l(ddiv.o)
    0x08000f60   0x00000022   Code   RO         6045    .text               mf_w.l(dflti.o)
    0x08000f82   0x0000001a   Code   RO         6047    .text               mf_w.l(dfltui.o)
    0x08000f9c   0x0000003e   Code   RO         6049    .text               mf_w.l(dfixi.o)
    0x08000fda   0x00000032   Code   RO         6051    .text               mf_w.l(dfixui.o)
    0x0800100c   0x00000026   Code   RO         6053    .text               mf_w.l(f2d.o)
    0x08001032   0x00000002   PAD
    0x08001034   0x00000030   Code   RO         6055    .text               mf_w.l(cdcmple.o)
    0x08001064   0x00000038   Code   RO         6057    .text               mf_w.l(d2f.o)
    0x0800109c   0x00000062   Code   RO         6103    .text               mc_w.l(uldiv.o)
    0x080010fe   0x00000020   Code   RO         6105    .text               mc_w.l(llushr.o)
    0x0800111e   0x00000000   Code   RO         6114    .text               mc_w.l(iusefp.o)
    0x0800111e   0x0000006e   Code   RO         6115    .text               mf_w.l(fepilogue.o)
    0x0800118c   0x000000ba   Code   RO         6117    .text               mf_w.l(depilogue.o)
    0x08001246   0x0000014e   Code   RO         6119    .text               mf_w.l(dadd.o)
    0x08001394   0x00000024   Code   RO         6137    .text               mc_w.l(init.o)
    0x080013b8   0x0000001e   Code   RO         6139    .text               mc_w.l(llshl.o)
    0x080013d6   0x00000024   Code   RO         6141    .text               mc_w.l(llsshr.o)
    0x080013fa   0x00000016   Code   RO          549    i.ADC_Cmd           stm32f4xx_adc.o
    0x08001410   0x00000030   Code   RO          550    i.ADC_CommonInit    stm32f4xx_adc.o
    0x08001440   0x00000008   Code   RO          561    i.ADC_GetConversionValue  stm32f4xx_adc.o
    0x08001448   0x00000012   Code   RO          562    i.ADC_GetFlagStatus  stm32f4xx_adc.o
    0x0800145a   0x00000002   PAD
    0x0800145c   0x00000054   Code   RO          569    i.ADC_Init          stm32f4xx_adc.o
    0x080014b0   0x000000b8   Code   RO          574    i.ADC_RegularChannelConfig  stm32f4xx_adc.o
    0x08001568   0x0000000a   Code   RO          576    i.ADC_SoftwareStartConv  stm32f4xx_adc.o
    0x08001572   0x00000002   PAD
    0x08001574   0x00000084   Code   RO          136    i.Adc_Init          adc.o
    0x080015f8   0x00000004   Code   RO         5456    i.BusFault_Handler  stm32f4xx_it.o
    0x080015fc   0x00000028   Code   RO         1224    i.DAC_Cmd           stm32f4xx_dac.o
    0x08001624   0x00000024   Code   RO         1228    i.DAC_GetDataOutputValue  stm32f4xx_dac.o
    0x08001648   0x00000034   Code   RO         1232    i.DAC_Init          stm32f4xx_dac.o
    0x0800167c   0x00000020   Code   RO         1233    i.DAC_SetChannel1Data  stm32f4xx_dac.o
    0x0800169c   0x00000058   Code   RO          180    i.Dac1_Init         dac.o
    0x080016f4   0x00000002   Code   RO         5457    i.DebugMon_Handler  stm32f4xx_it.o
    0x080016f6   0x00000002   PAD
    0x080016f8   0x00000034   Code   RO         2101    i.FSMC_NORSRAMCmd   stm32f4xx_fsmc.o
    0x0800172c   0x000000e6   Code   RO         2103    i.FSMC_NORSRAMInit  stm32f4xx_fsmc.o
    0x08001812   0x00000090   Code   RO         2222    i.GPIO_Init         stm32f4xx_gpio.o
    0x080018a2   0x00000046   Code   RO         2223    i.GPIO_PinAFConfig  stm32f4xx_gpio.o
    0x080018e8   0x00000012   Code   RO         2226    i.GPIO_ReadInputDataBit  stm32f4xx_gpio.o
    0x080018fa   0x00000004   Code   RO         2230    i.GPIO_SetBits      stm32f4xx_gpio.o
    0x080018fe   0x00000002   PAD
    0x08001900   0x00000030   Code   RO          137    i.Get_Adc           adc.o
    0x08001930   0x00000004   Code   RO         5458    i.HardFault_Handler  stm32f4xx_it.o
    0x08001934   0x00000044   Code   RO          209    i.KEY_Init          key.o
    0x08001978   0x000000c8   Code   RO          210    i.KEY_Scan          key.o
    0x08001a40   0x00000034   Code   RO          240    i.LCD_Clear         lcd.o
    0x08001a74   0x00000130   Code   RO          244    i.LCD_Display_Dir   lcd.o
    0x08001ba4   0x000000b0   Code   RO          245    i.LCD_DrawLine      lcd.o
    0x08001c54   0x00000024   Code   RO          246    i.LCD_DrawPoint     lcd.o
    0x08001c78   0x00000098   Code   RO          248    i.LCD_Draw_Circle   lcd.o
    0x08001d10   0x000000f4   Code   RO          249    i.LCD_Fast_DrawPoint  lcd.o
    0x08001e04   0x00002858   Code   RO          251    i.LCD_Init          lcd.o
    0x0800465c   0x00000016   Code   RO          252    i.LCD_Pow           lcd.o
    0x08004672   0x00000002   PAD
    0x08004674   0x00000014   Code   RO          253    i.LCD_RD_DATA       lcd.o
    0x08004688   0x00000060   Code   RO          256    i.LCD_SSD_BackLightSet  lcd.o
    0x080046e8   0x00000234   Code   RO          257    i.LCD_Scan_Dir      lcd.o
    0x0800491c   0x00000120   Code   RO          258    i.LCD_SetCursor     lcd.o
    0x08004a3c   0x00000128   Code   RO          260    i.LCD_ShowChar      lcd.o
    0x08004b64   0x00000066   Code   RO          262    i.LCD_ShowString    lcd.o
    0x08004bca   0x000000be   Code   RO          263    i.LCD_ShowxNum      lcd.o
    0x08004c88   0x00000018   Code   RO          264    i.LCD_WR_DATA       lcd.o
    0x08004ca0   0x00000018   Code   RO          265    i.LCD_WR_REG        lcd.o
    0x08004cb8   0x00000014   Code   RO          267    i.LCD_WriteRAM_Prepare  lcd.o
    0x08004ccc   0x00000014   Code   RO          268    i.LCD_WriteReg      lcd.o
    0x08004ce0   0x00000040   Code   RO            3    i.LED_Init          led.o
    0x08004d20   0x00000004   Code   RO         5459    i.MemManage_Handler  stm32f4xx_it.o
    0x08004d24   0x00000002   Code   RO         5460    i.NMI_Handler       stm32f4xx_it.o
    0x08004d26   0x00000002   PAD
    0x08004d28   0x00000078   Code   RO          499    i.NVIC_Init         misc.o
    0x08004da0   0x00000014   Code   RO          500    i.NVIC_PriorityGroupConfig  misc.o
    0x08004db4   0x00000002   Code   RO         5461    i.PendSV_Handler    stm32f4xx_it.o
    0x08004db6   0x00000002   PAD
    0x08004db8   0x00000020   Code   RO         3086    i.RCC_AHB1PeriphClockCmd  stm32f4xx_rcc.o
    0x08004dd8   0x00000020   Code   RO         3092    i.RCC_AHB3PeriphClockCmd  stm32f4xx_rcc.o
    0x08004df8   0x00000020   Code   RO         3095    i.RCC_APB1PeriphClockCmd  stm32f4xx_rcc.o
    0x08004e18   0x00000020   Code   RO         3098    i.RCC_APB2PeriphClockCmd  stm32f4xx_rcc.o
    0x08004e38   0x00000020   Code   RO         3100    i.RCC_APB2PeriphResetCmd  stm32f4xx_rcc.o
    0x08004e58   0x000000e8   Code   RO         3107    i.RCC_GetClocksFreq  stm32f4xx_rcc.o
    0x08004f40   0x00000002   Code   RO         5462    i.SVC_Handler       stm32f4xx_it.o
    0x08004f42   0x00000002   PAD
    0x08004f44   0x000000ec   Code   RO         5530    i.SetSysClock       system_stm32f4xx.o
    0x08005030   0x00000028   Code   RO          503    i.SysTick_CLKSourceConfig  misc.o
    0x08005058   0x00000002   Code   RO         5463    i.SysTick_Handler   stm32f4xx_it.o
    0x0800505a   0x00000002   PAD
    0x0800505c   0x00000068   Code   RO         5532    i.SystemInit        system_stm32f4xx.o
    0x080050c4   0x00000054   Code   RO         5343    i.TIM3_IRQHandler   main.o
    0x08005118   0x00000060   Code   RO         5344    i.TIM3_Init         main.o
    0x08005178   0x00000006   Code   RO         4428    i.TIM_ClearITPendingBit  stm32f4xx_tim.o
    0x0800517e   0x00000018   Code   RO         4433    i.TIM_Cmd           stm32f4xx_tim.o
    0x08005196   0x00000022   Code   RO         4454    i.TIM_GetITStatus   stm32f4xx_tim.o
    0x080051b8   0x00000012   Code   RO         4458    i.TIM_ITConfig      stm32f4xx_tim.o
    0x080051ca   0x00000002   PAD
    0x080051cc   0x00000084   Code   RO         4505    i.TIM_TimeBaseInit  stm32f4xx_tim.o
    0x08005250   0x00000088   Code   RO         5294    i.USART1_IRQHandler  usart.o
    0x080052d8   0x00000018   Code   RO         4983    i.USART_Cmd         stm32f4xx_usart.o
    0x080052f0   0x00000054   Code   RO         4987    i.USART_GetITStatus  stm32f4xx_usart.o
    0x08005344   0x0000004a   Code   RO         4989    i.USART_ITConfig    stm32f4xx_usart.o
    0x0800538e   0x00000002   PAD
    0x08005390   0x000000d4   Code   RO         4990    i.USART_Init        stm32f4xx_usart.o
    0x08005464   0x0000000a   Code   RO         4997    i.USART_ReceiveData  stm32f4xx_usart.o
    0x0800546e   0x00000004   Code   RO         5464    i.UsageFault_Handler  stm32f4xx_it.o
    0x08005472   0x00000002   PAD
    0x08005474   0x00000020   Code   RO         5913    i.__0printf$5       mc_w.l(printf5.o)
    0x08005494   0x00000028   Code   RO         5915    i.__0sprintf$5      mc_w.l(printf5.o)
    0x080054bc   0x00000030   Code   RO         6133    i.__ARM_fpclassify  m_wm.l(fpclassify.o)
    0x080054ec   0x00000004   PAD
    0x080054f0   0x000000c8   Code   RO         5765    i.__hardfp_sin      m_wm.l(sin.o)
    0x080055b8   0x00000438   Code   RO         6076    i.__ieee754_rem_pio2  m_wm.l(rred.o)
    0x080059f0   0x00000170   Code   RO         6059    i.__kernel_cos      m_wm.l(cos_i.o)
    0x08005b60   0x000000f8   Code   RO         6135    i.__kernel_poly     m_wm.l(poly.o)
    0x08005c58   0x00000130   Code   RO         6081    i.__kernel_sin      m_wm.l(sin_i.o)
    0x08005d88   0x00000014   Code   RO         6063    i.__mathlib_dbl_infnan  m_wm.l(dunder.o)
    0x08005d9c   0x00000004   PAD
    0x08005da0   0x00000020   Code   RO         6065    i.__mathlib_dbl_invalid  m_wm.l(dunder.o)
    0x08005dc0   0x00000020   Code   RO         6068    i.__mathlib_dbl_underflow  m_wm.l(dunder.o)
    0x08005de0   0x0000000e   Code   RO         6145    i.__scatterload_copy  mc_w.l(handlers.o)
    0x08005dee   0x00000002   Code   RO         6146    i.__scatterload_null  mc_w.l(handlers.o)
    0x08005df0   0x0000000e   Code   RO         6147    i.__scatterload_zeroinit  mc_w.l(handlers.o)
    0x08005dfe   0x00000002   PAD
    0x08005e00   0x0000000c   Code   RO         6109    i.__set_errno       mc_w.l(errno.o)
    0x08005e0c   0x000002c0   Code   RO         5920    i._printf_core      mc_w.l(printf5.o)
    0x080060cc   0x0000000a   Code   RO         5922    i._sputc            mc_w.l(printf5.o)
    0x080060d6   0x00000002   PAD
    0x080060d8   0x0000003c   Code   RO         5236    i.delay_init        delay.o
    0x08006114   0x00000038   Code   RO         5237    i.delay_ms          delay.o
    0x0800614c   0x0000004c   Code   RO         5238    i.delay_us          delay.o
    0x08006198   0x0000004c   Code   RO         5239    i.delay_xms         delay.o
    0x080061e4   0x000002c8   Code   RO         5345    i.draw_ad_fft_point  main.o
    0x080064ac   0x0000007c   Code   RO         5346    i.draw_ad_point     main.o
    0x08006528   0x00000080   Code   RO         5347    i.draw_da_point     main.o
    0x080065a8   0x00000198   Code   RO         5348    i.draw_home_page    main.o
    0x08006740   0x00000018   Code   RO         6129    i.fabs              m_wm.l(fabs.o)
    0x08006758   0x0000001c   Code   RO         5296    i.fputc             usart.o
    0x08006774   0x0000019c   Code   RO         5349    i.lcdshow_adda_value  main.o
    0x08006910   0x00000522   Code   RO         5350    i.main              main.o
    0x08006e32   0x00000038   Code   RO         5351    i.sys_init          main.o
    0x08006e6a   0x00000002   PAD
    0x08006e6c   0x000000ac   Code   RO         5297    i.uart_init         usart.o
    0x08006f18   0x000000a8   Code   RO         5352    i.y_adc_append      main.o
    0x08006fc0   0x000017c0   Data   RO          271    .constdata          lcd.o
    0x08008780   0x00000800   Data   RO         5696    .constdata          arm_cortexM4lf_math.lib(arm_common_tables.o)
    0x08008f80   0x00008000   Data   RO         5705    .constdata          arm_cortexM4lf_math.lib(arm_common_tables.o)
    0x08010f80   0x00000030   Data   RO         6060    .constdata          m_wm.l(cos_i.o)
    0x08010fb0   0x000000c8   Data   RO         6078    .constdata          m_wm.l(rred.o)
    0x08011078   0x00000028   Data   RO         6082    .constdata          m_wm.l(sin_i.o)
    0x080110a0   0x00000020   Data   RO         6143    Region$$Table       anon$$obj.o


    Execution Region RW_IRAM1 (Base: 0x20000000, Size: 0x00002548, Max: 0x00020000, ABSOLUTE)

    Base Addr    Size         Type   Attr      Idx    E Section Name        Object

    0x20000000   0x00000001   Data   RW          211    .data               key.o
    0x20000001   0x00000001   PAD
    0x20000002   0x00000004   Data   RW          272    .data               lcd.o
    0x20000006   0x00000010   Data   RW         3139    .data               stm32f4xx_rcc.o
    0x20000016   0x00000004   Data   RW         5240    .data               delay.o
    0x2000001a   0x00000002   PAD
    0x2000001c   0x00000006   Data   RW         5299    .data               usart.o
    0x20000022   0x00000002   PAD
    0x20000024   0x00000028   Data   RW         5356    .data               main.o
    0x2000004c   0x00000004   Data   RW         6110    .data               mc_w.l(errno.o)
    0x20000050   0x0000000e   Zero   RW          270    .bss                lcd.o
    0x2000005e   0x000000c8   Zero   RW         5298    .bss                usart.o
    0x20000126   0x00000002   PAD
    0x20000128   0x0000201c   Zero   RW         5354    .bss                main.o
    0x20002144   0x00000004   PAD
    0x20002148   0x00000400   Zero   RW         5227    STACK               startup_stm32f40_41xxx.o


==============================================================================

Image component sizes


      Code (inc. data)   RO Data    RW Data    ZI Data      Debug   Object Name

       180         12          0          0          0       1217   adc.o
        88          4          0          0          0        608   dac.o
       268         16          0          4          0       2443   delay.o
       268         20          0          1          0       1238   key.o
     12958        192       6080          4         14      21211   lcd.o
        64          4          0          0          0     308763   led.o
      3502        576          0         40       8220      22879   main.o
       180         24          0          0          0       2125   misc.o
        36          8        392          0       1024        848   startup_stm32f40_41xxx.o
       374         24          0          0          0       5582   stm32f4xx_adc.o
       160         22          0          0          0       3116   stm32f4xx_dac.o
       282          6          0          0          0       1861   stm32f4xx_fsmc.o
       236          0          0          0          0       2998   stm32f4xx_gpio.o
        26          0          0          0          0       4242   stm32f4xx_it.o
       392         48          0         16          0       5885   stm32f4xx_rcc.o
       214         28          0          0          0       3730   stm32f4xx_tim.o
       404          8          0          0          0       4282   stm32f4xx_usart.o
       340         32          0          0          0       1545   system_stm32f4xx.o
       336         28          0          6        200       3720   usart.o

    ----------------------------------------------------------------------
     20334       1052       6504         76       9464     398293   Object Totals
         0          0         32          0          0          0   (incl. Generated)
        26          0          0          5          6          0   (incl. Padding)

    ----------------------------------------------------------------------

      Code (inc. data)   RO Data    RW Data    ZI Data      Debug   Library Member Name

       486          0          0          0          0       2210   arm_bitreversal.o
      1696          0          0          0          0       4744   arm_cfft_radix4_f32.o
       192         46          0          0          0        767   arm_cfft_radix4_init_f32.o
       240          4          0          0          0      16312   arm_cmplx_mag_f32.o
         0          0      34816          0          0       2517   arm_common_tables.o
       212          0          0          0          0       1238   arm_max_f32.o
       212          0          0          0          0       1234   arm_min_f32.o
       368         46         48          0          0        200   cos_i.o
        84         16          0          0          0        372   dunder.o
        24          0          0          0          0        124   fabs.o
        48          0          0          0          0        124   fpclassify.o
       248          0          0          0          0        152   poly.o
      1080        142        200          0          0        188   rred.o
       200         20          0          0          0        164   sin.o
       304         24         40          0          0        208   sin_i.o
         0          0          0          0          0          0   entry.o
         0          0          0          0          0          0   entry10a.o
         0          0          0          0          0          0   entry11a.o
         8          4          0          0          0          0   entry2.o
         4          0          0          0          0          0   entry5.o
         0          0          0          0          0          0   entry7b.o
         0          0          0          0          0          0   entry8b.o
         8          4          0          0          0          0   entry9a.o
        12          6          0          4          0         68   errno.o
        30          0          0          0          0          0   handlers.o
        36          8          0          0          0         68   init.o
         0          0          0          0          0          0   iusefp.o
        30          0          0          0          0         68   llshl.o
        36          0          0          0          0         68   llsshr.o
        32          0          0          0          0         68   llushr.o
       786         62          0          0          0        336   printf5.o
        98          0          0          0          0         92   uldiv.o
        48          0          0          0          0         68   cdcmple.o
        56          0          0          0          0         88   d2f.o
       334          0          0          0          0        148   dadd.o
       222          0          0          0          0        100   ddiv.o
       186          0          0          0          0        176   depilogue.o
        62          0          0          0          0         80   dfixi.o
        50          0          0          0          0         76   dfixui.o
        34          0          0          0          0         76   dflti.o
        26          0          0          0          0         76   dfltui.o
       228          0          0          0          0         96   dmul.o
        38          0          0          0          0         68   f2d.o
       110          0          0          0          0        168   fepilogue.o

    ----------------------------------------------------------------------
      7882        382      35104          4          0      32542   Library Totals
        14          0          0          0          0          0   (incl. Padding)

    ----------------------------------------------------------------------

      Code (inc. data)   RO Data    RW Data    ZI Data      Debug   Library Name

      3038         50      34816          0          0      29022   arm_cortexM4lf_math.lib
      2356        248        288          0          0       1532   m_wm.l
      1080         84          0          4          0        768   mc_w.l
      1394          0          0          0          0       1220   mf_w.l

    ----------------------------------------------------------------------
      7882        382      35104          4          0      32542   Library Totals

    ----------------------------------------------------------------------

==============================================================================


      Code (inc. data)   RO Data    RW Data    ZI Data      Debug   

     28216       1434      41608         80       9464     420351   Grand Totals
     28216       1434      41608         80       9464     420351   ELF Image Totals
     28216       1434      41608         80          0          0   ROM Totals

==============================================================================

    Total RO  Size (Code + RO Data)                69824 (  68.19kB)
    Total RW  Size (RW Data + ZI Data)              9544 (   9.32kB)
    Total ROM Size (Code + RO Data + RW Data)      69904 (  68.27kB)

==============================================================================

