<html>
<body>
<pre>
<h1>µVision Build Log</h1>
<h2>Tool Versions:</h2>
IDE-Version: ¦ÌVision V5.14.0.0
Copyright (C) 2015 ARM Ltd and ARM Germany GmbH. All rights reserved.
License Information: ccww cw, cwcw, LIC=65ISZ-J6Z3N-VEXHA-1BUSU-NV0YJ-7Y16H
 
Tool Versions:
Toolchain:       MDK-ARM Standard  Version: 5.14.0.0
Toolchain Path:  d:\Program Files\Keil_v5\ARM\ARMCC\Bin
C Compiler:      Armcc.exe V5.05 update 1 (build 106)
Assembler:       Armasm.exe V5.05 update 1 (build 106)
Linker/Locator:  ArmLink.exe V5.05 update 1 (build 106)
Library Manager: ArmAr.exe V5.05 update 1 (build 106)
Hex Converter:   FromElf.exe V5.05 update 1 (build 106)
CPU DLL:         SARMCM3.DLL V5.14.0.0
Dialog DLL:      DCM.DLL V1.13.1.0
Target DLL:      STLink\ST-LINKIII-KEIL_SWO.dll V2.0.14.0_KEIL
Dialog DLL:      TCM.DLL V1.14.4.0
 
<h2>Project:</h2>
G:\keil_files\stm32f4\cqu_work\wave_creat_week12_v2\Project\wave_create.uvprojx
Project File Date:  12/04/2024

<h2>Output:</h2>
Build target 'wave_create'
compiling main.c...
..\User\main.c(639): warning:  #167-D: argument of type "char *" is incompatible with parameter of type "u8 *"
        LCD_ShowString(270,140,200,16,16,str);
..\User\main.c: 1 warning, 0 errors
linking...
Program Size: Code=28216 RO-data=41608 RW-data=80 ZI-data=9464  
FromELF: creating hex file...
".\Objects\wave_create.axf" - 0 Error(s), 1 Warning(s).

<h2>Collection of Component include folders:</h2>
  G:\keil_files\stm32f4\cqu_work\wave_creat_week12_v2\Project\RTE
  d:\Program Files\Keil_v5\ARM\PACK\Keil\STM32F4xx_DFP\2.17.1

<h2>Collection of Component Files used:</h2>
</pre>
</body>
</html>
